Component: ARM Compiler 5.05 update 1 (build 106) Tool: armlink [4d0efa]

==============================================================================

Section Cross References

    startup_stm32g474xx.o(STACK) refers (Special) to heapauxi.o(.text) for __use_two_region_memory
    startup_stm32g474xx.o(HEAP) refers (Special) to heapauxi.o(.text) for __use_two_region_memory
    startup_stm32g474xx.o(RESET) refers (Special) to heapauxi.o(.text) for __use_two_region_memory
    startup_stm32g474xx.o(RESET) refers to startup_stm32g474xx.o(STACK) for __initial_sp
    startup_stm32g474xx.o(RESET) refers to startup_stm32g474xx.o(.text) for Reset_Handler
    startup_stm32g474xx.o(RESET) refers to stm32g4xx_it.o(i.NMI_Handler) for NMI_Handler
    startup_stm32g474xx.o(RESET) refers to stm32g4xx_it.o(i.HardFault_Handler) for HardFault_Handler
    startup_stm32g474xx.o(RESET) refers to stm32g4xx_it.o(i.MemManage_Handler) for MemManage_Handler
    startup_stm32g474xx.o(RESET) refers to stm32g4xx_it.o(i.BusFault_Handler) for BusFault_Handler
    startup_stm32g474xx.o(RESET) refers to stm32g4xx_it.o(i.UsageFault_Handler) for UsageFault_Handler
    startup_stm32g474xx.o(RESET) refers to stm32g4xx_it.o(i.SVC_Handler) for SVC_Handler
    startup_stm32g474xx.o(RESET) refers to stm32g4xx_it.o(i.DebugMon_Handler) for DebugMon_Handler
    startup_stm32g474xx.o(RESET) refers to stm32g4xx_it.o(i.PendSV_Handler) for PendSV_Handler
    startup_stm32g474xx.o(RESET) refers to stm32g4xx_it.o(i.SysTick_Handler) for SysTick_Handler
    startup_stm32g474xx.o(RESET) refers to stm32g4xx_it.o(i.DMA1_Channel1_IRQHandler) for DMA1_Channel1_IRQHandler
    startup_stm32g474xx.o(RESET) refers to stm32g4xx_it.o(i.USART1_IRQHandler) for USART1_IRQHandler
    startup_stm32g474xx.o(.text) refers (Special) to heapauxi.o(.text) for __use_two_region_memory
    startup_stm32g474xx.o(.text) refers to system_stm32g4xx.o(i.SystemInit) for SystemInit
    startup_stm32g474xx.o(.text) refers to __main.o(!!!main) for __main
    startup_stm32g474xx.o(.text) refers to startup_stm32g474xx.o(HEAP) for Heap_Mem
    startup_stm32g474xx.o(.text) refers to startup_stm32g474xx.o(STACK) for Stack_Mem
    main.o(i.SystemClock_Config) refers to rt_memclr_w.o(.text) for __aeabi_memclr4
    main.o(i.SystemClock_Config) refers to stm32g4xx_hal_pwr_ex.o(i.HAL_PWREx_ControlVoltageScaling) for HAL_PWREx_ControlVoltageScaling
    main.o(i.SystemClock_Config) refers to stm32g4xx_hal_rcc.o(i.HAL_RCC_OscConfig) for HAL_RCC_OscConfig
    main.o(i.SystemClock_Config) refers to stm32g4xx_hal_rcc.o(i.HAL_RCC_ClockConfig) for HAL_RCC_ClockConfig
    main.o(i.main) refers to stm32g4xx_hal.o(i.HAL_Init) for HAL_Init
    main.o(i.main) refers to main.o(i.SystemClock_Config) for SystemClock_Config
    main.o(i.main) refers to gpio.o(i.MX_GPIO_Init) for MX_GPIO_Init
    main.o(i.main) refers to dma.o(i.MX_DMA_Init) for MX_DMA_Init
    main.o(i.main) refers to usart.o(i.MX_USART1_UART_Init) for MX_USART1_UART_Init
    main.o(i.main) refers to adc.o(i.MX_ADC1_Init) for MX_ADC1_Init
    main.o(i.main) refers to tim.o(i.MX_TIM3_Init) for MX_TIM3_Init
    main.o(i.main) refers to delay.o(i.delay_init) for delay_init
    main.o(i.main) refers to myusart1.o(i.MyUSART1_Init) for MyUSART1_Init
    main.o(i.main) refers to oled_i2c.o(i.OLED_Init) for OLED_Init
    main.o(i.main) refers to oled_i2c.o(i.OLED_CLS) for OLED_CLS
    main.o(i.main) refers to oled_i2c.o(i.BackGround) for BackGround
    main.o(i.main) refers to stm32g4xx_hal_tim.o(i.HAL_TIM_Base_Start) for HAL_TIM_Base_Start
    main.o(i.main) refers to fft.o(i.ADC_Get) for ADC_Get
    main.o(i.main) refers to fft.o(i.fft) for fft
    main.o(i.main) refers to usart.o(.bss) for huart1
    main.o(i.main) refers to tim.o(.bss) for htim3
    main.o(i.main) refers to main.o(.data) for .data
    gpio.o(i.MX_GPIO_Init) refers to rt_memclr_w.o(.text) for __aeabi_memclr4
    gpio.o(i.MX_GPIO_Init) refers to stm32g4xx_hal_gpio.o(i.HAL_GPIO_WritePin) for HAL_GPIO_WritePin
    gpio.o(i.MX_GPIO_Init) refers to stm32g4xx_hal_gpio.o(i.HAL_GPIO_Init) for HAL_GPIO_Init
    adc.o(i.HAL_ADC_MspDeInit) refers to stm32g4xx_hal_gpio.o(i.HAL_GPIO_DeInit) for HAL_GPIO_DeInit
    adc.o(i.HAL_ADC_MspDeInit) refers to stm32g4xx_hal_dma.o(i.HAL_DMA_DeInit) for HAL_DMA_DeInit
    adc.o(i.HAL_ADC_MspInit) refers to rt_memclr_w.o(.text) for __aeabi_memclr4
    adc.o(i.HAL_ADC_MspInit) refers to stm32g4xx_hal_rcc_ex.o(i.HAL_RCCEx_PeriphCLKConfig) for HAL_RCCEx_PeriphCLKConfig
    adc.o(i.HAL_ADC_MspInit) refers to main.o(i.Error_Handler) for Error_Handler
    adc.o(i.HAL_ADC_MspInit) refers to stm32g4xx_hal_gpio.o(i.HAL_GPIO_Init) for HAL_GPIO_Init
    adc.o(i.HAL_ADC_MspInit) refers to stm32g4xx_hal_dma.o(i.HAL_DMA_Init) for HAL_DMA_Init
    adc.o(i.HAL_ADC_MspInit) refers to adc.o(.bss) for .bss
    adc.o(i.MX_ADC1_Init) refers to rt_memclr_w.o(.text) for __aeabi_memclr4
    adc.o(i.MX_ADC1_Init) refers to stm32g4xx_hal_adc.o(i.HAL_ADC_Init) for HAL_ADC_Init
[...]
    .data                                    0x20000001   Section        1  main.o(.data)
    .data                                    0x20000002   Section        2  stm32g4xx_it.o(.data)
    .data                                    0x20000004   Section       12  stm32g4xx_hal.o(.data)
    .data                                    0x20000010   Section        4  system_stm32g4xx.o(.data)
    .data                                    0x20000014   Section        2  delay.o(.data)
    sysClkFreq                               0x20000014   Data           2  delay.o(.data)
    .data                                    0x20000016   Section      547  oled_i2c.o(.data)
    .data                                    0x2000023c   Section       12  myusart1.o(.data)
    .data                                    0x20000248   Section        4  myusart1.o(.data)
    .bss                                     0x2000024c   Section      204  adc.o(.bss)
    .bss                                     0x20000318   Section       76  tim.o(.bss)
    .bss                                     0x20000364   Section      144  usart.o(.bss)
    .bss                                     0x200003f4   Section    14536  fft.o(.bss)
    .bss                                     0x20003cbc   Section      100  myusart1.o(.bss)
    .bss                                     0x20003d20   Section       96  libspace.o(.bss)
    HEAP                                     0x20003d80   Section      512  startup_stm32g474xx.o(HEAP)
    Heap_Mem                                 0x20003d80   Data         512  startup_stm32g474xx.o(HEAP)
    STACK                                    0x20003f80   Section     1024  startup_stm32g474xx.o(STACK)
    Stack_Mem                                0x20003f80   Data        1024  startup_stm32g474xx.o(STACK)
    __initial_sp                             0x20004380   Data           0  startup_stm32g474xx.o(STACK)

    Global Symbols

    Symbol Name                              Value     Ov Type        Size  Object(Section)

    BuildAttributes$$THM_ISAv4$E$P$D$K$B$S$7EM$VFPi3$EXTD16$VFPS$VFMA$PE$A:L22UL41UL21$X:L11$S22US41US21$IEEE1$IW$USESV6$~STKCKD$USESV7$~SHL$OTIME$ROPI$IEEEJ$EBA8$UX$STANDARDLIB$REQ8$PRES8$EABIv2 0x00000000   Number         0  anon$$obj.o ABSOLUTE
    __ARM_use_no_argv                        0x00000000   Number         0  main.o ABSOLUTE
    _printf_flags                            0x00000000   Number         0  printf_stubs.o ABSOLUTE
    _printf_return_value                     0x00000000   Number         0  printf_stubs.o ABSOLUTE
    _printf_sizespec                         0x00000000   Number         0  printf_stubs.o ABSOLUTE
    _printf_widthprec                        0x00000000   Number         0  printf_stubs.o ABSOLUTE
    __ARM_exceptions_init                     - Undefined Weak Reference
    __alloca_initialize                       - Undefined Weak Reference
    __arm_preinit_                            - Undefined Weak Reference
    __cpp_initialize__aeabi_                  - Undefined Weak Reference
    __cxa_finalize                            - Undefined Weak Reference
    __sigvec_lookup                           - Undefined Weak Reference
    _atexit_init                              - Undefined Weak Reference
    _call_atexit_fns                          - Undefined Weak Reference
    _clock_init                               - Undefined Weak Reference
    _fp_trap_init                             - Undefined Weak Reference
    _fp_trap_shutdown                         - Undefined Weak Reference
    _get_lc_collate                           - Undefined Weak Reference
    _get_lc_ctype                             - Undefined Weak Reference
    _get_lc_monetary                          - Undefined Weak Reference
    _get_lc_time                              - Undefined Weak Reference
    _getenv_init                              - Undefined Weak Reference
    _handle_redirection                       - Undefined Weak Reference
    _init_alloc                               - Undefined Weak Reference
    _init_user_alloc                          - Undefined Weak Reference
    _initio                                   - Undefined Weak Reference
    _mutex_acquire                            - Undefined Weak Reference
    _mutex_release                            - Undefined Weak Reference
    _printf_post_padding                      - Undefined Weak Reference
    _printf_pre_padding                       - Undefined Weak Reference
    _printf_truncate_signed                   - Undefined Weak Reference
    _printf_truncate_unsigned                 - Undefined Weak Reference
    _rand_init                                - Undefined Weak Reference
    _signal_finish                            - Undefined Weak Reference
    _signal_init                              - Undefined Weak Reference
    _terminate_alloc                          - Undefined Weak Reference
    _terminate_user_alloc                     - Undefined Weak Reference
    _terminateio                              - Undefined Weak Reference
    __Vectors_Size                           0x000001d8   Number         0  startup_stm32g474xx.o ABSOLUTE
    __Vectors                                0x08000000   Data           4  startup_stm32g474xx.o(RESET)
    __Vectors_End                            0x080001d8   Data           0  startup_stm32g474xx.o(RESET)
    __main                                   0x080001d9   Thumb Code     8  __main.o(!!!main)
    __scatterload                            0x080001e1   Thumb Code     0  __scatter.o(!!!scatter)
    __scatterload_rt2                        0x080001e1   Thumb Code    44  __scatter.o(!!!scatter)
    __scatterload_rt2_thumb_only             0x080001e1   Thumb Code     0  __scatter.o(!!!scatter)
    __scatterload_null                       0x080001ef   Thumb Code     0  __scatter.o(!!!scatter)
    __decompress                             0x08000215   Thumb Code    90  __dczerorl2.o(!!dczerorl2)
    __decompress1                            0x08000215   Thumb Code     0  __dczerorl2.o(!!dczerorl2)
    __scatterload_zeroinit                   0x08000271   Thumb Code    28  __scatter_zi.o(!!handler_zi)
    _printf_f                                0x0800028d   Thumb Code     0  _printf_f.o(.ARM.Collect$$_printf_percent$$00000003)
    _printf_percent                          0x0800028d   Thumb Code     0  _printf_percent.o(.ARM.Collect$$_printf_percent$$00000000)
    _printf_d                                0x08000293   Thumb Code     0  _printf_d.o(.ARM.Collect$$_printf_percent$$00000009)
    _printf_percent_end                      0x08000299   Thumb Code     0  _printf_percent_end.o(.ARM.Collect$$_printf_percent$$00000017)
    __rt_lib_init                            0x0800029d   Thumb Code     0  libinit.o(.ARM.Collect$$libinit$$00000000)
    __rt_lib_init_fp_1                       0x0800029f   Thumb Code     0  libinit2.o(.ARM.Collect$$libinit$$00000001)
    __rt_lib_init_heap_1                     0x080002a3   Thumb Code     0  libinit2.o(.ARM.Collect$$libinit$$0000000A)
    __rt_lib_init_lc_common                  0x080002a3   Thumb Code     0  libinit2.o(.ARM.Collect$$libinit$$0000000F)
    __rt_lib_init_preinit_1                  0x080002a3   Thumb Code     0  libinit2.o(.ARM.Collect$$libinit$$00000004)
    __rt_lib_init_rand_1                     0x080002a3   Thumb Code     0  libinit2.o(.ARM.Collect$$libinit$$0000000E)
    __rt_lib_init_user_alloc_1               0x080002a3   Thumb Code     0  libinit2.o(.ARM.Collect$$libinit$$0000000C)
    __rt_lib_init_lc_collate_1               0x080002a9   Thumb Code     0  libinit2.o(.ARM.Collect$$libinit$$00000011)
    __rt_lib_init_lc_ctype_1                 0x080002a9   Thumb Code     0  libinit2.o(.ARM.Collect$$libinit$$00000013)
    __rt_lib_init_lc_monetary_1              0x080002a9   Thumb Code     0  libinit2.o(.ARM.Collect$$libinit$$00000015)
    __rt_lib_init_lc_numeric_2               0x080002a9   Thumb Code     0  libinit2.o(.ARM.Collect$$libinit$$00000016)
    __rt_lib_init_alloca_1                   0x080002b3   Thumb Code     0  libinit2.o(.ARM.Collect$$libinit$$0000002E)
    __rt_lib_init_argv_1                     0x080002b3   Thumb Code     0  libinit2.o(.ARM.Collect$$libinit$$0000002C)
    __rt_lib_init_atexit_1                   0x080002b3   Thumb Code     0  libinit2.o(.ARM.Collect$$libinit$$0000001B)
    __rt_lib_init_clock_1                    0x080002b3   Thumb Code     0  libinit2.o(.ARM.Collect$$libinit$$00000021)
    __rt_lib_init_cpp_1                      0x080002b3   Thumb Code     0  libinit2.o(.ARM.Collect$$libinit$$00000032)
    __rt_lib_init_exceptions_1               0x080002b3   Thumb Code     0  libinit2.o(.ARM.Collect$$libinit$$00000030)
    __rt_lib_init_fp_trap_1                  0x080002b3   Thumb Code     0  libinit2.o(.ARM.Collect$$libinit$$0000001F)
    __rt_lib_init_getenv_1                   0x080002b3   Thumb Code     0  libinit2.o(.ARM.Collect$$libinit$$00000023)
    __rt_lib_init_lc_numeric_1               0x080002b3   Thumb Code     0  libinit2.o(.ARM.Collect$$libinit$$00000017)
    __rt_lib_init_lc_time_1                  0x080002b3   Thumb Code     0  libinit2.o(.ARM.Collect$$libinit$$00000019)
    __rt_lib_init_return                     0x080002b3   Thumb Code     0  libinit2.o(.ARM.Collect$$libinit$$00000033)
    __rt_lib_init_signal_1                   0x080002b3   Thumb Code     0  libinit2.o(.ARM.Collect$$libinit$$0000001D)
    __rt_lib_init_stdio_1                    0x080002b3   Thumb Code     0  libinit2.o(.ARM.Collect$$libinit$$00000025)
    __rt_lib_shutdown                        0x080002b5   Thumb Code     0  libshutdown.o(.ARM.Collect$$libshutdown$$00000000)
    __rt_lib_shutdown_fp_trap_1              0x080002b7   Thumb Code     0  libshutdown2.o(.ARM.Collect$$libshutdown$$00000006)
    __rt_lib_shutdown_heap_1                 0x080002b7   Thumb Code     0  libshutdown2.o(.ARM.Collect$$libshutdown$$0000000E)
    __rt_lib_shutdown_return                 0x080002b7   Thumb Code     0  libshutdown2.o(.ARM.Collect$$libshutdown$$0000000F)
    __rt_lib_shutdown_signal_1               0x080002b7   Thumb Code     0  libshutdown2.o(.ARM.Collect$$libshutdown$$00000009)
    __rt_lib_shutdown_stdio_1                0x080002b7   Thumb Code     0  libshutdown2.o(.ARM.Collect$$libshutdown$$00000003)
    __rt_lib_shutdown_user_alloc_1           0x080002b7   Thumb Code     0  libshutdown2.o(.ARM.Collect$$libshutdown$$0000000B)
    __rt_entry                               0x080002b9   Thumb Code     0  __rtentry.o(.ARM.Collect$$rtentry$$00000000)
    __rt_entry_presh_1                       0x080002b9   Thumb Code     0  __rtentry2.o(.ARM.Collect$$rtentry$$00000002)
    __rt_entry_sh                            0x080002b9   Thumb Code     0  __rtentry4.o(.ARM.Collect$$rtentry$$00000004)
    __rt_entry_li                            0x080002bf   Thumb Code     0  __rtentry2.o(.ARM.Collect$$rtentry$$0000000A)
    __rt_entry_postsh_1                      0x080002bf   Thumb Code     0  __rtentry2.o(.ARM.Collect$$rtentry$$00000009)
    __rt_entry_main                          0x080002c3   Thumb Code     0  __rtentry2.o(.ARM.Collect$$rtentry$$0000000D)
    __rt_entry_postli_1                      0x080002c3   Thumb Code     0  __rtentry2.o(.ARM.Collect$$rtentry$$0000000C)
    __rt_exit                                0x080002cb   Thumb Code     0  rtexit.o(.ARM.Collect$$rtexit$$00000000)
    __rt_exit_ls                             0x080002cd   Thumb Code     0  rtexit2.o(.ARM.Collect$$rtexit$$00000003)
    __rt_exit_prels_1                        0x080002cd   Thumb Code     0  rtexit2.o(.ARM.Collect$$rtexit$$00000002)
    __rt_exit_exit                           0x080002d1   Thumb Code     0  rtexit2.o(.ARM.Collect$$rtexit$$00000004)
    Reset_Handler                            0x080002d9   Thumb Code     8  startup_stm32g474xx.o(.text)
    ADC1_2_IRQHandler                        0x080002f3   Thumb Code     0  startup_stm32g474xx.o(.text)
    ADC3_IRQHandler                          0x080002f3   Thumb Code     0  startup_stm32g474xx.o(.text)
    ADC4_IRQHandler                          0x080002f3   Thumb Code     0  startup_stm32g474xx.o(.text)
    ADC5_IRQHandler                          0x080002f3   Thumb Code     0  startup_stm32g474xx.o(.text)
    COMP1_2_3_IRQHandler                     0x080002f3   Thumb Code     0  startup_stm32g474xx.o(.text)
    COMP4_5_6_IRQHandler                     0x080002f3   Thumb Code     0  startup_stm32g474xx.o(.text)
    COMP7_IRQHandler                         0x080002f3   Thumb Code     0  startup_stm32g474xx.o(.text)
    CORDIC_IRQHandler                        0x080002f3   Thumb Code     0  startup_stm32g474xx.o(.text)
    CRS_IRQHandler                           0x080002f3   Thumb Code     0  startup_stm32g474xx.o(.text)
    DMA1_Channel2_IRQHandler                 0x080002f3   Thumb Code     0  startup_stm32g474xx.o(.text)
    DMA1_Channel3_IRQHandler                 0x080002f3   Thumb Code     0  startup_stm32g474xx.o(.text)
    DMA1_Channel4_IRQHandler                 0x080002f3   Thumb Code     0  startup_stm32g474xx.o(.text)
    DMA1_Channel5_IRQHandler                 0x080002f3   Thumb Code     0  startup_stm32g474xx.o(.text)
    DMA1_Channel6_IRQHandler                 0x080002f3   Thumb Code     0  startup_stm32g474xx.o(.text)
    DMA1_Channel7_IRQHandler                 0x080002f3   Thumb Code     0  startup_stm32g474xx.o(.text)
    DMA1_Channel8_IRQHandler                 0x080002f3   Thumb Code     0  startup_stm32g474xx.o(.text)
    DMA2_Channel1_IRQHandler                 0x080002f3   Thumb Code     0  startup_stm32g474xx.o(.text)
    DMA2_Channel2_IRQHandler                 0x080002f3   Thumb Code     0  startup_stm32g474xx.o(.text)
    DMA2_Channel3_IRQHandler                 0x080002f3   Thumb Code     0  startup_stm32g474xx.o(.text)
    DMA2_Channel4_IRQHandler                 0x080002f3   Thumb Code     0  startup_stm32g474xx.o(.text)
    DMA2_Channel5_IRQHandler                 0x080002f3   Thumb Code     0  startup_stm32g474xx.o(.text)
    DMA2_Channel6_IRQHandler                 0x080002f3   Thumb Code     0  startup_stm32g474xx.o(.text)
    DMA2_Channel7_IRQHandler                 0x080002f3   Thumb Code     0  startup_stm32g474xx.o(.text)
    DMA2_Channel8_IRQHandler                 0x080002f3   Thumb Code     0  startup_stm32g474xx.o(.text)
    DMAMUX_OVR_IRQHandler                    0x080002f3   Thumb Code     0  startup_stm32g474xx.o(.text)
    EXTI0_IRQHandler                         0x080002f3   Thumb Code     0  startup_stm32g474xx.o(.text)
    EXTI15_10_IRQHandler                     0x080002f3   Thumb Code     0  startup_stm32g474xx.o(.text)
    EXTI1_IRQHandler                         0x080002f3   Thumb Code     0  startup_stm32g474xx.o(.text)
    EXTI2_IRQHandler                         0x080002f3   Thumb Code     0  startup_stm32g474xx.o(.text)
    EXTI3_IRQHandler                         0x080002f3   Thumb Code     0  startup_stm32g474xx.o(.text)
    EXTI4_IRQHandler                         0x080002f3   Thumb Code     0  startup_stm32g474xx.o(.text)
    EXTI9_5_IRQHandler                       0x080002f3   Thumb Code     0  startup_stm32g474xx.o(.text)
    FDCAN1_IT0_IRQHandler                    0x080002f3   Thumb Code     0  startup_stm32g474xx.o(.text)
    FDCAN1_IT1_IRQHandler                    0x080002f3   Thumb Code     0  startup_stm32g474xx.o(.text)
    FDCAN2_IT0_IRQHandler                    0x080002f3   Thumb Code     0  startup_stm32g474xx.o(.text)
    FDCAN2_IT1_IRQHandler                    0x080002f3   Thumb Code     0  startup_stm32g474xx.o(.text)
    FDCAN3_IT0_IRQHandler                    0x080002f3   Thumb Code     0  startup_stm32g474xx.o(.text)
    FDCAN3_IT1_IRQHandler                    0x080002f3   Thumb Code     0  startup_stm32g474xx.o(.text)
    FLASH_IRQHandler                         0x080002f3   Thumb Code     0  startup_stm32g474xx.o(.text)
    FMAC_IRQHandler                          0x080002f3   Thumb Code     0  startup_stm32g474xx.o(.text)
    FMC_IRQHandler                           0x080002f3   Thumb Code     0  startup_stm32g474xx.o(.text)
    FPU_IRQHandler                           0x080002f3   Thumb Code     0  startup_stm32g474xx.o(.text)
    HRTIM1_FLT_IRQHandler                    0x080002f3   Thumb Code     0  startup_stm32g474xx.o(.text)
    HRTIM1_Master_IRQHandler                 0x080002f3   Thumb Code     0  startup_stm32g474xx.o(.text)
    HRTIM1_TIMA_IRQHandler                   0x080002f3   Thumb Code     0  startup_stm32g474xx.o(.text)
    HRTIM1_TIMB_IRQHandler                   0x080002f3   Thumb Code     0  startup_stm32g474xx.o(.text)
    HRTIM1_TIMC_IRQHandler                   0x080002f3   Thumb Code     0  startup_stm32g474xx.o(.text)
    HRTIM1_TIMD_IRQHandler                   0x080002f3   Thumb Code     0  startup_stm32g474xx.o(.text)
    HRTIM1_TIME_IRQHandler                   0x080002f3   Thumb Code     0  startup_stm32g474xx.o(.text)
    HRTIM1_TIMF_IRQHandler                   0x080002f3   Thumb Code     0  startup_stm32g474xx.o(.text)
    I2C1_ER_IRQHandler                       0x080002f3   Thumb Code     0  startup_stm32g474xx.o(.text)
    I2C1_EV_IRQHandler                       0x080002f3   Thumb Code     0  startup_stm32g474xx.o(.text)
    I2C2_ER_IRQHandler                       0x080002f3   Thumb Code     0  startup_stm32g474xx.o(.text)
    I2C2_EV_IRQHandler                       0x080002f3   Thumb Code     0  startup_stm32g474xx.o(.text)
    I2C3_ER_IRQHandler                       0x080002f3   Thumb Code     0  startup_stm32g474xx.o(.text)
    I2C3_EV_IRQHandler                       0x080002f3   Thumb Code     0  startup_stm32g474xx.o(.text)
    I2C4_ER_IRQHandler                       0x080002f3   Thumb Code     0  startup_stm32g474xx.o(.text)
    I2C4_EV_IRQHandler                       0x080002f3   Thumb Code     0  startup_stm32g474xx.o(.text)
    LPTIM1_IRQHandler                        0x080002f3   Thumb Code     0  startup_stm32g474xx.o(.text)
    LPUART1_IRQHandler                       0x080002f3   Thumb Code     0  startup_stm32g474xx.o(.text)
    PVD_PVM_IRQHandler                       0x080002f3   Thumb Code     0  startup_stm32g474xx.o(.text)
    QUADSPI_IRQHandler                       0x080002f3   Thumb Code     0  startup_stm32g474xx.o(.text)
    RCC_IRQHandler                           0x080002f3   Thumb Code     0  startup_stm32g474xx.o(.text)
    RNG_IRQHandler                           0x080002f3   Thumb Code     0  startup_stm32g474xx.o(.text)
    RTC_Alarm_IRQHandler                     0x080002f3   Thumb Code     0  startup_stm32g474xx.o(.text)
    RTC_TAMP_LSECSS_IRQHandler               0x080002f3   Thumb Code     0  startup_stm32g474xx.o(.text)
    RTC_WKUP_IRQHandler                      0x080002f3   Thumb Code     0  startup_stm32g474xx.o(.text)
    SAI1_IRQHandler                          0x080002f3   Thumb Code     0  startup_stm32g474xx.o(.text)
    SPI1_IRQHandler                          0x080002f3   Thumb Code     0  startup_stm32g474xx.o(.text)
    SPI2_IRQHandler                          0x080002f3   Thumb Code     0  startup_stm32g474xx.o(.text)
    SPI3_IRQHandler                          0x080002f3   Thumb Code     0  startup_stm32g474xx.o(.text)
    SPI4_IRQHandler                          0x080002f3   Thumb Code     0  startup_stm32g474xx.o(.text)
    TIM1_BRK_TIM15_IRQHandler                0x080002f3   Thumb Code     0  startup_stm32g474xx.o(.text)
    TIM1_CC_IRQHandler                       0x080002f3   Thumb Code     0  startup_stm32g474xx.o(.text)
    TIM1_TRG_COM_TIM17_IRQHandler            0x080002f3   Thumb Code     0  startup_stm32g474xx.o(.text)
    TIM1_UP_TIM16_IRQHandler                 0x080002f3   Thumb Code     0  startup_stm32g474xx.o(.text)
    TIM20_BRK_IRQHandler                     0x080002f3   Thumb Code     0  startup_stm32g474xx.o(.text)
    TIM20_CC_IRQHandler                      0x080002f3   Thumb Code     0  startup_stm32g474xx.o(.text)
    TIM20_TRG_COM_IRQHandler                 0x080002f3   Thumb Code     0  startup_stm32g474xx.o(.text)
    TIM20_UP_IRQHandler                      0x080002f3   Thumb Code     0  startup_stm32g474xx.o(.text)
    TIM2_IRQHandler                          0x080002f3   Thumb Code     0  startup_stm32g474xx.o(.text)
    TIM3_IRQHandler                          0x080002f3   Thumb Code     0  startup_stm32g474xx.o(.text)
    TIM4_IRQHandler                          0x080002f3   Thumb Code     0  startup_stm32g474xx.o(.text)
    TIM5_IRQHandler                          0x080002f3   Thumb Code     0  startup_stm32g474xx.o(.text)
    TIM6_DAC_IRQHandler                      0x080002f3   Thumb Code     0  startup_stm32g474xx.o(.text)
    TIM7_DAC_IRQHandler                      0x080002f3   Thumb Code     0  startup_stm32g474xx.o(.text)
    TIM8_BRK_IRQHandler                      0x080002f3   Thumb Code     0  startup_stm32g474xx.o(.text)
    TIM8_CC_IRQHandler                       0x080002f3   Thumb Code     0  startup_stm32g474xx.o(.text)
    TIM8_TRG_COM_IRQHandler                  0x080002f3   Thumb Code     0  startup_stm32g474xx.o(.text)
    TIM8_UP_IRQHandler                       0x080002f3   Thumb Code     0  startup_stm32g474xx.o(.text)
    UART4_IRQHandler                         0x080002f3   Thumb Code     0  startup_stm32g474xx.o(.text)
    UART5_IRQHandler                         0x080002f3   Thumb Code     0  startup_stm32g474xx.o(.text)
    UCPD1_IRQHandler                         0x080002f3   Thumb Code     0  startup_stm32g474xx.o(.text)
    USART2_IRQHandler                        0x080002f3   Thumb Code     0  startup_stm32g474xx.o(.text)
    USART3_IRQHandler                        0x080002f3   Thumb Code     0  startup_stm32g474xx.o(.text)
    USBWakeUp_IRQHandler                     0x080002f3   Thumb Code     0  startup_stm32g474xx.o(.text)
    USB_HP_IRQHandler                        0x080002f3   Thumb Code     0  startup_stm32g474xx.o(.text)
    USB_LP_IRQHandler                        0x080002f3   Thumb Code     0  startup_stm32g474xx.o(.text)
    WWDG_IRQHandler                          0x080002f3   Thumb Code     0  startup_stm32g474xx.o(.text)
    __user_initial_stackheap                 0x080002f5   Thumb Code     0  startup_stm32g474xx.o(.text)
    __aeabi_uldivmod                         0x08000319   Thumb Code     0  lludivv7m.o(.text)
    _ll_udiv                                 0x08000319   Thumb Code   238  lludivv7m.o(.text)
    __2printf                                0x08000409   Thumb Code    20  noretval__2printf.o(.text)
    __2sprintf                               0x08000421   Thumb Code    34  noretval__2sprintf.o(.text)
    _printf_int_dec                          0x08000449   Thumb Code   104  _printf_dec.o(.text)
    __printf                                 0x080004c1   Thumb Code   352  __printf_ss_wp.o(.text)
    strlen                                   0x08000621   Thumb Code    62  strlen.o(.text)
    __aeabi_memclr4                          0x0800065f   Thumb Code     0  rt_memclr_w.o(.text)
    __aeabi_memclr8                          0x0800065f   Thumb Code     0  rt_memclr_w.o(.text)
    __rt_memclr_w                            0x0800065f   Thumb Code    78  rt_memclr_w.o(.text)
    _memset_w                                0x08000663   Thumb Code     0  rt_memclr_w.o(.text)
    __use_two_region_memory                  0x080006ad   Thumb Code     2  heapauxi.o(.text)
    __rt_heap_escrow$2region                 0x080006af   Thumb Code     2  heapauxi.o(.text)
    __rt_heap_expand$2region                 0x080006b1   Thumb Code     2  heapauxi.o(.text)
    __read_errno                             0x080006b3   Thumb Code    10  _rserrno.o(.text)
    __set_errno                              0x080006bd   Thumb Code    12  _rserrno.o(.text)
    _printf_int_common                       0x080006c9   Thumb Code   178  _printf_intcommon.o(.text)
    __lib_sel_fp_printf                      0x0800077b   Thumb Code     2  _printf_fp_dec.o(.text)
    _printf_fp_dec_real                      0x08000929   Thumb Code   620  _printf_fp_dec.o(.text)
    _printf_char_common                      0x08000b9f   Thumb Code    32  _printf_char_common.o(.text)
    _sputc                                   0x08000bc5   Thumb Code    10  _sputc.o(.text)
    _printf_char_file                        0x08000bd1   Thumb Code    32  _printf_char_file.o(.text)
    __rt_locale                              0x08000bf5   Thumb Code     8  rt_locale_intlibspace.o(.text)
    __aeabi_errno_addr                       0x08000bfd   Thumb Code     8  rt_errno_addr_intlibspace.o(.text)
    __errno$intlibspace                      0x08000bfd   Thumb Code     0  rt_errno_addr_intlibspace.o(.text)
    __rt_errno_addr$intlibspace              0x08000bfd   Thumb Code     0  rt_errno_addr_intlibspace.o(.text)
    _ll_udiv10                               0x08000c05   Thumb Code   138  lludiv10.o(.text)
    _printf_fp_infnan                        0x08000c91   Thumb Code   112  _printf_fp_infnan.o(.text)
    _btod_etento                             0x08000d11   Thumb Code   216  bigflt0.o(.text)
    ferror                                   0x08000ded   Thumb Code     8  ferror.o(.text)
    __user_libspace                          0x08000df5   Thumb Code     8  libspace.o(.text)
    __user_perproc_libspace                  0x08000df5   Thumb Code     0  libspace.o(.text)
    __user_perthread_libspace                0x08000df5   Thumb Code     0  libspace.o(.text)
    __user_setup_stackheap                   0x08000dfd   Thumb Code    74  sys_stackheap_outer.o(.text)
    exit                                     0x08000e47   Thumb Code    12  exit.o(.text)
    strcmp                                   0x08000e55   Thumb Code   128  strcmpv7m.o(.text)
    _sys_exit                                0x08000ed5   Thumb Code     8  sys_exit.o(.text)
    __I$use$semihosting                      0x08000ee1   Thumb Code     0  use_no_semi.o(.text)
    __use_no_semihosting_swi                 0x08000ee1   Thumb Code     2  use_no_semi.o(.text)
    __semihosting_library_function           0x08000ee3   Thumb Code     0  indicate_semi.o(.text)
    arm_bitreversal_f32                      0x08000ee5   Thumb Code   174  arm_bitreversal.o(.text.arm_bitreversal_f32)
    arm_cfft_radix4_f32                      0x08000f93   Thumb Code    66  arm_cfft_radix4_f32.o(.text.arm_cfft_radix4_f32)
    arm_cfft_radix4_init_f32                 0x08000fd5   Thumb Code   124  arm_cfft_radix4_init_f32.o(.text.arm_cfft_radix4_init_f32)
    arm_cmplx_mag_f32                        0x08001051   Thumb Code   232  arm_cmplx_mag_f32.o(.text.arm_cmplx_mag_f32)
    arm_max_f32                              0x08001139   Thumb Code   288  arm_max_f32.o(.text.arm_max_f32)
    arm_radix4_butterfly_f32                 0x08001259   Thumb Code  1384  arm_cfft_radix4_f32.o(.text.arm_radix4_butterfly_f32)
    arm_radix4_butterfly_inverse_f32         0x080017c1   Thumb Code  1434  arm_cfft_radix4_f32.o(.text.arm_radix4_butterfly_inverse_f32)
    _btod_d2e                                0x08001d5b   Thumb Code    62  btod.o(CL$$btod_d2e)
    _d2e_denorm_low                          0x08001d99   Thumb Code    70  btod.o(CL$$btod_d2e_denorm_low)
    _d2e_norm_op1                            0x08001ddf   Thumb Code    96  btod.o(CL$$btod_d2e_norm_op1)
    __btod_div_common                        0x08001e3f   Thumb Code   696  btod.o(CL$$btod_div_common)
    _e2e                                     0x08002177   Thumb Code   198  btod.o(CL$$btod_e2e)
    _btod_ediv                               0x0800223d   Thumb Code    40  btod.o(CL$$btod_ediv)
    _btod_emul                               0x08002265   Thumb Code    40  btod.o(CL$$btod_emul)
    __btod_mult_common                       0x0800228d   Thumb Code   580  btod.o(CL$$btod_mult_common)
    ADC_DMAConvCplt                          0x080024d1   Thumb Code   104  stm32g4xx_hal_adc.o(i.ADC_DMAConvCplt)
    ADC_DMAError                             0x08002539   Thumb Code    26  stm32g4xx_hal_adc.o(i.ADC_DMAError)
    ADC_DMAHalfConvCplt                      0x08002553   Thumb Code    10  stm32g4xx_hal_adc.o(i.ADC_DMAHalfConvCplt)
    ADC_Enable                               0x0800255d   Thumb Code   110  stm32g4xx_hal_adc.o(i.ADC_Enable)
    ADC_Get                                  0x080025d1   Thumb Code    40  fft.o(i.ADC_Get)
    BackGround                               0x08002605   Thumb Code   114  oled_i2c.o(i.BackGround)
    BusFault_Handler                         0x08002681   Thumb Code     2  stm32g4xx_it.o(i.BusFault_Handler)
    DMA1_Channel1_IRQHandler                 0x08002685   Thumb Code    12  stm32g4xx_it.o(i.DMA1_Channel1_IRQHandler)
    DebugMon_Handler                         0x0800273b   Thumb Code     2  stm32g4xx_it.o(i.DebugMon_Handler)
    Error_Handler                            0x0800273d   Thumb Code     4  main.o(i.Error_Handler)
    Fre_Control                              0x08002741   Thumb Code   132  fft.o(i.Fre_Control)
    Get_Show_THD                             0x080027d1   Thumb Code   416  fft.o(i.Get_Show_THD)
    Get_amp                                  0x08002989   Thumb Code   138  fft.o(i.Get_amp)
    HAL_ADCEx_MultiModeConfigChannel         0x08002a39   Thumb Code   322  stm32g4xx_hal_adc_ex.o(i.HAL_ADCEx_MultiModeConfigChannel)
    HAL_ADC_ConfigChannel                    0x08002b95   Thumb Code  1056  stm32g4xx_hal_adc.o(i.HAL_ADC_ConfigChannel)
    HAL_ADC_ConvCpltCallback                 0x08002ff1   Thumb Code     2  stm32g4xx_hal_adc.o(i.HAL_ADC_ConvCpltCallback)
    HAL_ADC_ConvHalfCpltCallback             0x08002ff3   Thumb Code     2  stm32g4xx_hal_adc.o(i.HAL_ADC_ConvHalfCpltCallback)
    HAL_ADC_ErrorCallback                    0x08002ff5   Thumb Code     2  stm32g4xx_hal_adc.o(i.HAL_ADC_ErrorCallback)
    HAL_ADC_Init                             0x08002ff9   Thumb Code   520  stm32g4xx_hal_adc.o(i.HAL_ADC_Init)
    HAL_ADC_MspInit                          0x08003231   Thumb Code   160  adc.o(i.HAL_ADC_MspInit)
    HAL_ADC_Start_DMA                        0x080032dd   Thumb Code   260  stm32g4xx_hal_adc.o(i.HAL_ADC_Start_DMA)
    HAL_DMA_Abort                            0x08003409   Thumb Code   106  stm32g4xx_hal_dma.o(i.HAL_DMA_Abort)
    HAL_DMA_Abort_IT                         0x08003473   Thumb Code   120  stm32g4xx_hal_dma.o(i.HAL_DMA_Abort_IT)
    HAL_DMA_IRQHandler                       0x080034eb   Thumb Code   186  stm32g4xx_hal_dma.o(i.HAL_DMA_IRQHandler)
    HAL_DMA_Init                             0x080035a5   Thumb Code   178  stm32g4xx_hal_dma.o(i.HAL_DMA_Init)
    HAL_DMA_Start_IT                         0x08003665   Thumb Code   140  stm32g4xx_hal_dma.o(i.HAL_DMA_Start_IT)
    HAL_GPIO_Init                            0x080036f1   Thumb Code   550  stm32g4xx_hal_gpio.o(i.HAL_GPIO_Init)
    HAL_GPIO_ReadPin                         0x08003939   Thumb Code    10  stm32g4xx_hal_gpio.o(i.HAL_GPIO_ReadPin)
    HAL_GPIO_WritePin                        0x08003943   Thumb Code    10  stm32g4xx_hal_gpio.o(i.HAL_GPIO_WritePin)
    HAL_GetTick                              0x0800394d   Thumb Code     6  stm32g4xx_hal.o(i.HAL_GetTick)
    HAL_IncTick                              0x08003959   Thumb Code    12  stm32g4xx_hal.o(i.HAL_IncTick)
    HAL_Init                                 0x08003969   Thumb Code    30  stm32g4xx_hal.o(i.HAL_Init)
    HAL_InitTick                             0x08003989   Thumb Code    58  stm32g4xx_hal.o(i.HAL_InitTick)
    HAL_MspInit                              0x080039cd   Thumb Code    42  stm32g4xx_hal_msp.o(i.HAL_MspInit)
    HAL_NVIC_EnableIRQ                       0x080039fd   Thumb Code    26  stm32g4xx_hal_cortex.o(i.HAL_NVIC_EnableIRQ)
    HAL_NVIC_SetPriority                     0x08003a19   Thumb Code    60  stm32g4xx_hal_cortex.o(i.HAL_NVIC_SetPriority)
    HAL_NVIC_SetPriorityGrouping             0x08003a59   Thumb Code    26  stm32g4xx_hal_cortex.o(i.HAL_NVIC_SetPriorityGrouping)
    HAL_PWREx_ControlVoltageScaling          0x08003a7d   Thumb Code   174  stm32g4xx_hal_pwr_ex.o(i.HAL_PWREx_ControlVoltageScaling)
    HAL_PWREx_DisableUCPDDeadBattery         0x08003b39   Thumb Code    12  stm32g4xx_hal_pwr_ex.o(i.HAL_PWREx_DisableUCPDDeadBattery)
    HAL_RCCEx_PeriphCLKConfig                0x08003b49   Thumb Code   758  stm32g4xx_hal_rcc_ex.o(i.HAL_RCCEx_PeriphCLKConfig)
    HAL_RCC_ClockConfig                      0x08003e49   Thumb Code   444  stm32g4xx_hal_rcc.o(i.HAL_RCC_ClockConfig)
    HAL_RCC_GetPCLK1Freq                     0x08004025   Thumb Code    24  stm32g4xx_hal_rcc.o(i.HAL_RCC_GetPCLK1Freq)
    HAL_RCC_GetPCLK2Freq                     0x08004049   Thumb Code    24  stm32g4xx_hal_rcc.o(i.HAL_RCC_GetPCLK2Freq)
    HAL_RCC_GetSysClockFreq                  0x0800406d   Thumb Code    98  stm32g4xx_hal_rcc.o(i.HAL_RCC_GetSysClockFreq)
    HAL_RCC_OscConfig                        0x080040dd   Thumb Code  1036  stm32g4xx_hal_rcc.o(i.HAL_RCC_OscConfig)
    HAL_SYSTICK_CLKSourceConfig              0x080044e9   Thumb Code    24  stm32g4xx_hal_cortex.o(i.HAL_SYSTICK_CLKSourceConfig)
    HAL_SYSTICK_Config                       0x08004501   Thumb Code    40  stm32g4xx_hal_cortex.o(i.HAL_SYSTICK_Config)
    HAL_TIMEx_MasterConfigSynchronization    0x08004529   Thumb Code   150  stm32g4xx_hal_tim_ex.o(i.HAL_TIMEx_MasterConfigSynchronization)
    HAL_TIM_Base_Init                        0x080045e1   Thumb Code    98  stm32g4xx_hal_tim.o(i.HAL_TIM_Base_Init)
    HAL_TIM_Base_MspInit                     0x08004645   Thumb Code    30  tim.o(i.HAL_TIM_Base_MspInit)
    HAL_TIM_Base_Start                       0x0800466d   Thumb Code    96  stm32g4xx_hal_tim.o(i.HAL_TIM_Base_Start)
    HAL_TIM_ConfigClockSource                0x080046ed   Thumb Code   234  stm32g4xx_hal_tim.o(i.HAL_TIM_ConfigClockSource)
    HAL_UARTEx_DisableFifoMode               0x080047dd   Thumb Code    62  stm32g4xx_hal_uart_ex.o(i.HAL_UARTEx_DisableFifoMode)
    HAL_UARTEx_RxEventCallback               0x0800481b   Thumb Code     2  stm32g4xx_hal_uart.o(i.HAL_UARTEx_RxEventCallback)
    HAL_UARTEx_RxFifoFullCallback            0x0800481d   Thumb Code     2  stm32g4xx_hal_uart_ex.o(i.HAL_UARTEx_RxFifoFullCallback)
    HAL_UARTEx_SetRxFifoThreshold            0x0800481f   Thumb Code    76  stm32g4xx_hal_uart_ex.o(i.HAL_UARTEx_SetRxFifoThreshold)
    HAL_UARTEx_SetTxFifoThreshold            0x0800486b   Thumb Code    76  stm32g4xx_hal_uart_ex.o(i.HAL_UARTEx_SetTxFifoThreshold)
    HAL_UARTEx_TxFifoEmptyCallback           0x080048b7   Thumb Code     2  stm32g4xx_hal_uart_ex.o(i.HAL_UARTEx_TxFifoEmptyCallback)
    HAL_UARTEx_WakeupCallback                0x080048b9   Thumb Code     2  stm32g4xx_hal_uart_ex.o(i.HAL_UARTEx_WakeupCallback)
    HAL_UART_ErrorCallback                   0x080048bb   Thumb Code     2  stm32g4xx_hal_uart.o(i.HAL_UART_ErrorCallback)
    HAL_UART_IRQHandler                      0x080048bd   Thumb Code   722  stm32g4xx_hal_uart.o(i.HAL_UART_IRQHandler)
    HAL_UART_Init                            0x08004b9d   Thumb Code   106  stm32g4xx_hal_uart.o(i.HAL_UART_Init)
    HAL_UART_MspInit                         0x08004c09   Thumb Code   128  usart.o(i.HAL_UART_MspInit)
    HAL_UART_TxCpltCallback                  0x08004c95   Thumb Code     2  stm32g4xx_hal_uart.o(i.HAL_UART_TxCpltCallback)
    HardFault_Handler                        0x08004c97   Thumb Code     2  stm32g4xx_it.o(i.HardFault_Handler)
    I2C_WriteByte                            0x08004c99   Thumb Code    48  oled_i2c.o(i.I2C_WriteByte)
    IIC_Init                                 0x08004cc9   Thumb Code    28  myiic.o(i.IIC_Init)
    IIC_Send_Byte                            0x08004ce9   Thumb Code   116  myiic.o(i.IIC_Send_Byte)
    IIC_Start                                0x08004d61   Thumb Code    80  myiic.o(i.IIC_Start)
    IIC_Stop                                 0x08004db5   Thumb Code    82  myiic.o(i.IIC_Stop)
    IIC_Wait_Ack                             0x08004e0d   Thumb Code   102  myiic.o(i.IIC_Wait_Ack)
    MX_ADC1_Init                             0x08004edd   Thumb Code   142  adc.o(i.MX_ADC1_Init)
    MX_DMA_Init                              0x08004f75   Thumb Code    56  dma.o(i.MX_DMA_Init)
    MX_GPIO_Init                             0x08004fb1   Thumb Code   120  gpio.o(i.MX_GPIO_Init)
    MX_TIM3_Init                             0x08005031   Thumb Code    96  tim.o(i.MX_TIM3_Init)
    MX_USART1_UART_Init                      0x08005099   Thumb Code    94  usart.o(i.MX_USART1_UART_Init)
    MemManage_Handler                        0x08005101   Thumb Code     2  stm32g4xx_it.o(i.MemManage_Handler)
    MyUSART1_CanReadLine                     0x08005105   Thumb Code    40  myusart1.o(i.MyUSART1_CanReadLine)
    MyUSART1_IRQHandler                      0x08005135   Thumb Code    40  myusart1.o(i.MyUSART1_IRQHandler)
    MyUSART1_Init                            0x08005169   Thumb Code    16  myusart1.o(i.MyUSART1_Init)
    MyUSART1_ReadLine                        0x0800517d   Thumb Code    62  myusart1.o(i.MyUSART1_ReadLine)
    NMI_Handler                              0x080051c5   Thumb Code     2  stm32g4xx_it.o(i.NMI_Handler)
    OLED_CLS                                 0x080051c7   Thumb Code     6  oled_i2c.o(i.OLED_CLS)
    OLED_Fill                                0x080051cd   Thumb Code    56  oled_i2c.o(i.OLED_Fill)
    OLED_Init                                0x08005205   Thumb Code   194  oled_i2c.o(i.OLED_Init)
    OLED_SetPos                              0x080052cd   Thumb Code    38  oled_i2c.o(i.OLED_SetPos)
    OLED_ShowCN                              0x080052f5   Thumb Code    66  oled_i2c.o(i.OLED_ShowCN)
    OLED_ShowChar                            0x0800533d   Thumb Code   116  oled_i2c.o(i.OLED_ShowChar)
    OLED_ShowFloat                           0x080053b9   Thumb Code    48  oled_i2c.o(i.OLED_ShowFloat)
    OLED_ShowStr                             0x080053f1   Thumb Code   208  oled_i2c.o(i.OLED_ShowStr)
    PendSV_Handler                           0x080054c9   Thumb Code     2  stm32g4xx_it.o(i.PendSV_Handler)
    SVC_Handler                              0x080054cb   Thumb Code     2  stm32g4xx_it.o(i.SVC_Handler)
    SysTick_Handler                          0x080054cd   Thumb Code     4  stm32g4xx_it.o(i.SysTick_Handler)
    SystemClock_Config                       0x080054d1   Thumb Code   102  main.o(i.SystemClock_Config)
    SystemInit                               0x08005539   Thumb Code    12  system_stm32g4xx.o(i.SystemInit)
    TIM_Base_SetConfig                       0x08005549   Thumb Code   176  stm32g4xx_hal_tim.o(i.TIM_Base_SetConfig)
    TIM_ETR_SetConfig                        0x0800561d   Thumb Code    20  stm32g4xx_hal_tim.o(i.TIM_ETR_SetConfig)
    UART_AdvFeatureConfig                    0x080056d1   Thumb Code   200  stm32g4xx_hal_uart.o(i.UART_AdvFeatureConfig)
    UART_CheckIdleState                      0x08005799   Thumb Code    96  stm32g4xx_hal_uart.o(i.UART_CheckIdleState)
    UART_SetConfig                           0x08005861   Thumb Code   614  stm32g4xx_hal_uart.o(i.UART_SetConfig)
    UART_WaitOnFlagUntilTimeout              0x08005af9   Thumb Code   198  stm32g4xx_hal_uart.o(i.UART_WaitOnFlagUntilTimeout)
    USART1_IRQHandler                        0x08005bc1   Thumb Code    64  stm32g4xx_it.o(i.USART1_IRQHandler)
    UsageFault_Handler                       0x08005c11   Thumb Code     2  stm32g4xx_it.o(i.UsageFault_Handler)
    WriteCmd                                 0x08005c13   Thumb Code     8  oled_i2c.o(i.WriteCmd)
    WriteDat                                 0x08005c1b   Thumb Code     8  oled_i2c.o(i.WriteDat)
    __ARM_fpclassify                         0x08005c23   Thumb Code    48  fpclassify.o(i.__ARM_fpclassify)
    __MyUSART1_Shift                         0x08005c55   Thumb Code    34  myusart1.o(i.__MyUSART1_Shift)
    __hardfp_sqrt                            0x08005ca1   Thumb Code   122  sqrt.o(i.__hardfp_sqrt)
    _is_digit                                0x08005d1b   Thumb Code    14  __printf_wp.o(i._is_digit)
    delay_init                               0x08005d29   Thumb Code    16  delay.o(i.delay_init)
    delay_ms                                 0x08005d3d   Thumb Code    10  delay.o(i.delay_ms)
    delay_us                                 0x08005d49   Thumb Code    48  delay.o(i.delay_us)
    fft                                      0x08005d7d   Thumb Code   604  fft.o(i.fft)
    fft_getpeak                              0x0800607d   Thumb Code   240  fft.o(i.fft_getpeak)
    fputc                                    0x08006179   Thumb Code    20  myusart1.o(i.fputc)
    main                                     0x08006195   Thumb Code    80  main.o(i.main)
    sqrtf                                    0x080061f1   Thumb Code    62  sqrtf.o(i.sqrtf)
    wave_determine                           0x08006231   Thumb Code   124  fft.o(i.wave_determine)
    wave_show                                0x080062c5   Thumb Code    66  oled_i2c.o(i.wave_show)
    _get_lc_numeric                          0x08006309   Thumb Code    44  lc_numeric_c.o(locale$$code)
    __aeabi_d2f                              0x08006335   Thumb Code     0  d2f.o(x$fpl$d2f)
    _d2f                                     0x08006335   Thumb Code    98  d2f.o(x$fpl$d2f)
    __aeabi_dadd                             0x08006399   Thumb Code     0  daddsub_clz.o(x$fpl$dadd)
    _dadd                                    0x08006399   Thumb Code   332  daddsub_clz.o(x$fpl$dadd)
    __fpl_dcmp_Inf                           0x080064e9   Thumb Code    24  dcmpi.o(x$fpl$dcmpinf)
    __aeabi_ddiv                             0x08006501   Thumb Code     0  ddiv.o(x$fpl$ddiv)
    _ddiv                                    0x08006501   Thumb Code   552  ddiv.o(x$fpl$ddiv)
    __aeabi_ui2d                             0x080067b1   Thumb Code     0  dflt_clz.o(x$fpl$dfltu)
    _dfltu                                   0x080067b1   Thumb Code    38  dflt_clz.o(x$fpl$dfltu)
    __aeabi_cdcmple                          0x080067d9   Thumb Code     0  dleqf.o(x$fpl$dleqf)
    _dcmple                                  0x080067d9   Thumb Code   120  dleqf.o(x$fpl$dleqf)
    __fpl_dcmple_InfNaN                      0x0800683b   Thumb Code     0  dleqf.o(x$fpl$dleqf)
    __aeabi_dmul                             0x08006851   Thumb Code     0  dmul.o(x$fpl$dmul)
    _dmul                                    0x08006851   Thumb Code   332  dmul.o(x$fpl$dmul)
    __fpl_dnaninf                            0x080069a5   Thumb Code   156  dnaninf.o(x$fpl$dnaninf)
    __fpl_dretinf                            0x08006a41   Thumb Code    12  dretinf.o(x$fpl$dretinf)
    __aeabi_cdrcmple                         0x08006a4d   Thumb Code     0  drleqf.o(x$fpl$drleqf)
    _drcmple                                 0x08006a4d   Thumb Code   108  drleqf.o(x$fpl$drleqf)
    _dsqrt                                   0x08006ab9   Thumb Code   404  dsqrt_umaal.o(x$fpl$dsqrt)
    __aeabi_dsub                             0x08006c51   Thumb Code     0  daddsub_clz.o(x$fpl$dsub)
    _dsub                                    0x08006c51   Thumb Code   464  daddsub_clz.o(x$fpl$dsub)
    __aeabi_f2d                              0x08006e25   Thumb Code     0  f2d.o(x$fpl$f2d)
    _f2d                                     0x08006e25   Thumb Code    86  f2d.o(x$fpl$f2d)
    __aeabi_fadd                             0x08006e7b   Thumb Code     0  faddsub_clz.o(x$fpl$fadd)
    _fadd                                    0x08006e7b   Thumb Code    18  faddsub_clz.o(x$fpl$fadd)
    __aeabi_fcmpeq                           0x08006e8d   Thumb Code     0  fcmp.o(x$fpl$fcmp)
    _feq                                     0x08006e8d   Thumb Code    14  fcmp.o(x$fpl$fcmp)
    _fneq                                    0x08006e9b   Thumb Code    14  fcmp.o(x$fpl$fcmp)
    __aeabi_fcmpgt                           0x08006ea9   Thumb Code     0  fcmp.o(x$fpl$fcmp)
    _fgr                                     0x08006ea9   Thumb Code    14  fcmp.o(x$fpl$fcmp)
    __aeabi_fcmpge                           0x08006eb7   Thumb Code     0  fcmp.o(x$fpl$fcmp)
    _fgeq                                    0x08006eb7   Thumb Code    14  fcmp.o(x$fpl$fcmp)
    __aeabi_fcmple                           0x08006ec5   Thumb Code     0  fcmp.o(x$fpl$fcmp)
    _fleq                                    0x08006ec5   Thumb Code    14  fcmp.o(x$fpl$fcmp)
    __aeabi_fcmplt                           0x08006ed3   Thumb Code     0  fcmp.o(x$fpl$fcmp)
    _fls                                     0x08006ed3   Thumb Code    14  fcmp.o(x$fpl$fcmp)
    __fpl_fcmp_Inf                           0x08006ee1   Thumb Code    24  fcmpi.o(x$fpl$fcmpinf)
    __aeabi_cfcmpeq                          0x08006ef9   Thumb Code     0  feqf.o(x$fpl$feqf)
    _fcmpeq                                  0x08006ef9   Thumb Code    48  feqf.o(x$fpl$feqf)
    _fcmpge                                  0x08006f29   Thumb Code    48  fgeqf.o(x$fpl$fgeqf)
    __aeabi_cfcmple                          0x08006f59   Thumb Code     0  fleqf.o(x$fpl$fleqf)
    _fcmple                                  0x08006f59   Thumb Code    48  fleqf.o(x$fpl$fleqf)
    __fpl_fcmple_InfNaN                      0x08006f71   Thumb Code     0  fleqf.o(x$fpl$fleqf)
    __aeabi_fmul                             0x08006f89   Thumb Code     0  fmul.o(x$fpl$fmul)
    _fmul                                    0x08006f89   Thumb Code    18  fmul.o(x$fpl$fmul)
    __fpl_fnaninf                            0x08006f9b   Thumb Code   140  fnaninf.o(x$fpl$fnaninf)
    _fp_init                                 0x08007027   Thumb Code    10  fpinit.o(x$fpl$fpinit)
    __fplib_config_fpu_vfp                   0x0800702f   Thumb Code     0  fpinit.o(x$fpl$fpinit)
    __fplib_config_pureend_doubles           0x0800702f   Thumb Code     0  fpinit.o(x$fpl$fpinit)
    __fpl_fretinf                            0x08007031   Thumb Code    10  fretinf.o(x$fpl$fretinf)
    __aeabi_fsub                             0x0800703b   Thumb Code     0  faddsub_clz.o(x$fpl$fsub)
    _fsub                                    0x0800703b   Thumb Code    18  faddsub_clz.o(x$fpl$fsub)
    _printf_fp_dec                           0x0800704d   Thumb Code     4  printf1.o(x$fpl$printf1)
    UARTPrescTable                           0x08007050   Data          24  stm32g4xx_hal_uart.o(.constdata)
    __I$use$fp                               0x08007050   Number         0  usenofp.o(x$fpl$usenofp)
    AHBPrescTable                            0x08007078   Data          16  system_stm32g4xx.o(.constdata)
    APBPrescTable                            0x08007088   Data           8  system_stm32g4xx.o(.constdata)
    F6x8                                     0x08007098   Data         558  oled_i2c.o(.constdata)
    F8X16                                    0x080072c6   Data        1520  oled_i2c.o(.constdata)
    armBitRevTable                           0x0800794c   Data        2048  arm_common_tables.o(.rodata.armBitRevTable)
    twiddleCoef_4096                         0x0800814c   Data       32768  arm_common_tables.o(.rodata.twiddleCoef_4096)
    Region$$Table$$Base                      0x0801014c   Number         0  anon$$obj.o(Region$$Table)
    Region$$Table$$Limit                     0x0801016c   Number         0  anon$$obj.o(Region$$Table)
    start                                    0x20000000   Data           1  main.o(.data)
    draw_mode                                0x20000001   Data           1  main.o(.data)
    ADC_EndFlag                              0x20000002   Data           2  stm32g4xx_it.o(.data)
    uwTickPrio                               0x20000004   Data           4  stm32g4xx_hal.o(.data)
    uwTickFreq                               0x20000008   Data           4  stm32g4xx_hal.o(.data)
    uwTick                                   0x2000000c   Data           4  stm32g4xx_hal.o(.data)
    SystemCoreClock                          0x20000010   Data           4  system_stm32g4xx.o(.data)
    RevState                                 0x20000016   Data           1  oled_i2c.o(.data)
    brightness                               0x20000017   Data           1  oled_i2c.o(.data)
    isScrolling                              0x20000018   Data           1  oled_i2c.o(.data)
    F16x16                                   0x20000019   Data         544  oled_i2c.o(.data)
    MyUSART1_bufferOverflowFlag              0x2000023c   Data           1  myusart1.o(.data)
    MyUSART1_bufferPos                       0x20000240   Data           4  myusart1.o(.data)
    MyUSART1_dummyHandle                     0x20000244   Data           4  myusart1.o(.data)
    __stdout                                 0x20000248   Data           4  myusart1.o(.data)
    hadc1                                    0x2000024c   Data         108  adc.o(.bss)
    hdma_adc1                                0x200002b8   Data          96  adc.o(.bss)
    htim3                                    0x20000318   Data          76  tim.o(.bss)
    huart1                                   0x20000364   Data         144  usart.o(.bss)
    ADC_GetValue                             0x200003f4   Data        2048  fft.o(.bss)
    fft_inputbuf                             0x20000bf4   Data        8192  fft.o(.bss)
    fft_outputbuf                            0x20002bf4   Data        4096  fft.o(.bss)
    freamp                                   0x20003bf4   Data         200  fft.o(.bss)
    MyUSART1_buffer                          0x20003cbc   Data         100  myusart1.o(.bss)
    __libspace_start                         0x20003d20   Data          96  libspace.o(.bss)
    __temporary_stack_top$libspace           0x20003d80   Data           0  libspace.o(.bss)



==============================================================================

Memory Map of the image

  Image Entry point : 0x080001d9

  Load Region LR_IROM1 (Base: 0x08000000, Size: 0x000103d4, Max: 0x00080000, ABSOLUTE, COMPRESSED[0x00010348])

    Execution Region ER_IROM1 (Exec base: 0x08000000, Load base: 0x08000000, Size: 0x00010188, Max: 0x00080000, ABSOLUTE)

    Exec Addr    Load Addr    Size         Type   Attr      Idx    E Section Name        Object

    0x08000000   0x08000000   0x000001d8   Data   RO            3    RESET               startup_stm32g474xx.o
    0x080001d8   0x080001d8   0x00000008   Code   RO         4872  * !!!main             c_w.l(__main.o)
    0x080001e0   0x080001e0   0x00000034   Code   RO         5190    !!!scatter          c_w.l(__scatter.o)
    0x08000214   0x08000214   0x0000005a   Code   RO         5188    !!dczerorl2         c_w.l(__dczerorl2.o)
    0x0800026e   0x0800026e   0x00000002   PAD
    0x08000270   0x08000270   0x0000001c   Code   RO         5192    !!handler_zi        c_w.l(__scatter_zi.o)
    0x0800028c   0x0800028c   0x00000000   Code   RO         4865    .ARM.Collect$$_printf_percent$$00000000  c_w.l(_printf_percent.o)
    0x0800028c   0x0800028c   0x00000006   Code   RO         4864    .ARM.Collect$$_printf_percent$$00000003  c_w.l(_printf_f.o)
    0x08000292   0x08000292   0x00000006   Code   RO         4863    .ARM.Collect$$_printf_percent$$00000009  c_w.l(_printf_d.o)
    0x08000298   0x08000298   0x00000004   Code   RO         4953    .ARM.Collect$$_printf_percent$$00000017  c_w.l(_printf_percent_end.o)
    0x0800029c   0x0800029c   0x00000002   Code   RO         5062    .ARM.Collect$$libinit$$00000000  c_w.l(libinit.o)
    0x0800029e   0x0800029e   0x00000004   Code   RO         5063    .ARM.Collect$$libinit$$00000001  c_w.l(libinit2.o)
    0x080002a2   0x080002a2   0x00000000   Code   RO         5066    .ARM.Collect$$libinit$$00000004  c_w.l(libinit2.o)
    0x080002a2   0x080002a2   0x00000000   Code   RO         5069    .ARM.Collect$$libinit$$0000000A  c_w.l(libinit2.o)
    0x080002a2   0x080002a2   0x00000000   Code   RO         5071    .ARM.Collect$$libinit$$0000000C  c_w.l(libinit2.o)
    0x080002a2   0x080002a2   0x00000000   Code   RO         5073    .ARM.Collect$$libinit$$0000000E  c_w.l(libinit2.o)
    0x080002a2   0x080002a2   0x00000006   Code   RO         5074    .ARM.Collect$$libinit$$0000000F  c_w.l(libinit2.o)
    0x080002a8   0x080002a8   0x00000000   Code   RO         5076    .ARM.Collect$$libinit$$00000011  c_w.l(libinit2.o)
    0x080002a8   0x080002a8   0x00000000   Code   RO         5078    .ARM.Collect$$libinit$$00000013  c_w.l(libinit2.o)
    0x080002a8   0x080002a8   0x00000000   Code   RO         5080    .ARM.Collect$$libinit$$00000015  c_w.l(libinit2.o)
    0x080002a8   0x080002a8   0x0000000a   Code   RO         5081    .ARM.Collect$$libinit$$00000016  c_w.l(libinit2.o)
    0x080002b2   0x080002b2   0x00000000   Code   RO         5082    .ARM.Collect$$libinit$$00000017  c_w.l(libinit2.o)
    0x080002b2   0x080002b2   0x00000000   Code   RO         5084    .ARM.Collect$$libinit$$00000019  c_w.l(libinit2.o)
    0x080002b2   0x080002b2   0x00000000   Code   RO         5086    .ARM.Collect$$libinit$$0000001B  c_w.l(libinit2.o)
    0x080002b2   0x080002b2   0x00000000   Code   RO         5088    .ARM.Collect$$libinit$$0000001D  c_w.l(libinit2.o)
    0x080002b2   0x080002b2   0x00000000   Code   RO         5090    .ARM.Collect$$libinit$$0000001F  c_w.l(libinit2.o)
    0x080002b2   0x080002b2   0x00000000   Code   RO         5092    .ARM.Collect$$libinit$$00000021  c_w.l(libinit2.o)
    0x080002b2   0x080002b2   0x00000000   Code   RO         5094    .ARM.Collect$$libinit$$00000023  c_w.l(libinit2.o)
    0x080002b2   0x080002b2   0x00000000   Code   RO         5096    .ARM.Collect$$libinit$$00000025  c_w.l(libinit2.o)
    0x080002b2   0x080002b2   0x00000000   Code   RO         5100    .ARM.Collect$$libinit$$0000002C  c_w.l(libinit2.o)
    0x080002b2   0x080002b2   0x00000000   Code   RO         5102    .ARM.Collect$$libinit$$0000002E  c_w.l(libinit2.o)
    0x080002b2   0x080002b2   0x00000000   Code   RO         5104    .ARM.Collect$$libinit$$00000030  c_w.l(libinit2.o)
    0x080002b2   0x080002b2   0x00000000   Code   RO         5106    .ARM.Collect$$libinit$$00000032  c_w.l(libinit2.o)
    0x080002b2   0x080002b2   0x00000002   Code   RO         5107    .ARM.Collect$$libinit$$00000033  c_w.l(libinit2.o)
    0x080002b4   0x080002b4   0x00000002   Code   RO         5154    .ARM.Collect$$libshutdown$$00000000  c_w.l(libshutdown.o)
    0x080002b6   0x080002b6   0x00000000   Code   RO         5173    .ARM.Collect$$libshutdown$$00000003  c_w.l(libshutdown2.o)
    0x080002b6   0x080002b6   0x00000000   Code   RO         5176    .ARM.Collect$$libshutdown$$00000006  c_w.l(libshutdown2.o)
    0x080002b6   0x080002b6   0x00000000   Code   RO         5179    .ARM.Collect$$libshutdown$$00000009  c_w.l(libshutdown2.o)
    0x080002b6   0x080002b6   0x00000000   Code   RO         5181    .ARM.Collect$$libshutdown$$0000000B  c_w.l(libshutdown2.o)
    0x080002b6   0x080002b6   0x00000000   Code   RO         5184    .ARM.Collect$$libshutdown$$0000000E  c_w.l(libshutdown2.o)
    0x080002b6   0x080002b6   0x00000002   Code   RO         5185    .ARM.Collect$$libshutdown$$0000000F  c_w.l(libshutdown2.o)
    0x080002b8   0x080002b8   0x00000000   Code   RO         4936    .ARM.Collect$$rtentry$$00000000  c_w.l(__rtentry.o)
    0x080002b8   0x080002b8   0x00000000   Code   RO         4974    .ARM.Collect$$rtentry$$00000002  c_w.l(__rtentry2.o)
    0x080002b8   0x080002b8   0x00000006   Code   RO         4986    .ARM.Collect$$rtentry$$00000004  c_w.l(__rtentry4.o)
    0x080002be   0x080002be   0x00000000   Code   RO         4976    .ARM.Collect$$rtentry$$00000009  c_w.l(__rtentry2.o)
    0x080002be   0x080002be   0x00000004   Code   RO         4977    .ARM.Collect$$rtentry$$0000000A  c_w.l(__rtentry2.o)
    0x080002c2   0x080002c2   0x00000000   Code   RO         4979    .ARM.Collect$$rtentry$$0000000C  c_w.l(__rtentry2.o)
    0x080002c2   0x080002c2   0x00000008   Code   RO         4980    .ARM.Collect$$rtentry$$0000000D  c_w.l(__rtentry2.o)
    0x080002ca   0x080002ca   0x00000002   Code   RO         5108    .ARM.Collect$$rtexit$$00000000  c_w.l(rtexit.o)
    0x080002cc   0x080002cc   0x00000000   Code   RO         5123    .ARM.Collect$$rtexit$$00000002  c_w.l(rtexit2.o)
    0x080002cc   0x080002cc   0x00000004   Code   RO         5124    .ARM.Collect$$rtexit$$00000003  c_w.l(rtexit2.o)
    0x080002d0   0x080002d0   0x00000006   Code   RO         5125    .ARM.Collect$$rtexit$$00000004  c_w.l(rtexit2.o)
    0x080002d6   0x080002d6   0x00000002   PAD
    0x080002d8   0x080002d8   0x00000040   Code   RO            4    .text               startup_stm32g474xx.o
    0x08000318   0x08000318   0x000000ee   Code   RO         4829    .text               c_w.l(lludivv7m.o)
    0x08000406   0x08000406   0x00000002   PAD
    0x08000408   0x08000408   0x00000018   Code   RO         4835    .text               c_w.l(noretval__2printf.o)
    0x08000420   0x08000420   0x00000028   Code   RO         4837    .text               c_w.l(noretval__2sprintf.o)
    0x08000448   0x08000448   0x00000078   Code   RO         4841    .text               c_w.l(_printf_dec.o)
    0x080004c0   0x080004c0   0x00000160   Code   RO         4858    .text               c_w.l(__printf_ss_wp.o)
    0x08000620   0x08000620   0x0000003e   Code   RO         4866    .text               c_w.l(strlen.o)
    0x0800065e   0x0800065e   0x0000004e   Code   RO         4868    .text               c_w.l(rt_memclr_w.o)
    0x080006ac   0x080006ac   0x00000006   Code   RO         4870    .text               c_w.l(heapauxi.o)
    0x080006b2   0x080006b2   0x00000016   Code   RO         4941    .text               c_w.l(_rserrno.o)
    0x080006c8   0x080006c8   0x000000b2   Code   RO         4943    .text               c_w.l(_printf_intcommon.o)
    0x0800077a   0x0800077a   0x0000041a   Code   RO         4945    .text               c_w.l(_printf_fp_dec.o)
    0x08000b94   0x08000b94   0x00000030   Code   RO         4947    .text               c_w.l(_printf_char_common.o)
    0x08000bc4   0x08000bc4   0x0000000a   Code   RO         4949    .text               c_w.l(_sputc.o)
    0x08000bce   0x08000bce   0x00000002   PAD
    0x08000bd0   0x08000bd0   0x00000024   Code   RO         4951    .text               c_w.l(_printf_char_file.o)
    0x08000bf4   0x08000bf4   0x00000008   Code   RO         4993    .text               c_w.l(rt_locale_intlibspace.o)
    0x08000bfc   0x08000bfc   0x00000008   Code   RO         4998    .text               c_w.l(rt_errno_addr_intlibspace.o)
    0x08000c04   0x08000c04   0x0000008a   Code   RO         5000    .text               c_w.l(lludiv10.o)
    0x08000c8e   0x08000c8e   0x00000002   PAD
    0x08000c90   0x08000c90   0x00000080   Code   RO         5002    .text               c_w.l(_printf_fp_infnan.o)
    0x08000d10   0x08000d10   0x000000dc   Code   RO         5006    .text               c_w.l(bigflt0.o)
    0x08000dec   0x08000dec   0x00000008   Code   RO         5031    .text               c_w.l(ferror.o)
    0x08000df4   0x08000df4   0x00000008   Code   RO         5044    .text               c_w.l(libspace.o)
    0x08000dfc   0x08000dfc   0x0000004a   Code   RO         5047    .text               c_w.l(sys_stackheap_outer.o)
    0x08000e46   0x08000e46   0x0000000c   Code   RO         5049    .text               c_w.l(exit.o)
    0x08000e52   0x08000e52   0x00000002   PAD
    0x08000e54   0x08000e54   0x00000080   Code   RO         5055    .text               c_w.l(strcmpv7m.o)
    0x08000ed4   0x08000ed4   0x0000000c   Code   RO         5120    .text               c_w.l(sys_exit.o)
    0x08000ee0   0x08000ee0   0x00000002   Code   RO         5141    .text               c_w.l(use_no_semi.o)
    0x08000ee2   0x08000ee2   0x00000000   Code   RO         5143    .text               c_w.l(indicate_semi.o)
    0x08000ee2   0x08000ee2   0x00000002   PAD
    0x08000ee4   0x08000ee4   0x000000ae   Code   RO         4718    .text.arm_bitreversal_f32  arm_cortexM4l_math.lib(arm_bitreversal.o)
    0x08000f92   0x08000f92   0x00000042   Code   RO         4683    .text.arm_cfft_radix4_f32  arm_cortexM4l_math.lib(arm_cfft_radix4_f32.o)
    0x08000fd4   0x08000fd4   0x0000007c   Code   RO         4698    .text.arm_cfft_radix4_init_f32  arm_cortexM4l_math.lib(arm_cfft_radix4_init_f32.o)
    0x08001050   0x08001050   0x000000e8   Code   RO         4673    .text.arm_cmplx_mag_f32  arm_cortexM4l_math.lib(arm_cmplx_mag_f32.o)
    0x08001138   0x08001138   0x00000120   Code   RO         4708    .text.arm_max_f32   arm_cortexM4l_math.lib(arm_max_f32.o)
    0x08001258   0x08001258   0x00000568   Code   RO         4687    .text.arm_radix4_butterfly_f32  arm_cortexM4l_math.lib(arm_cfft_radix4_f32.o)
    0x080017c0   0x080017c0   0x0000059a   Code   RO         4685    .text.arm_radix4_butterfly_inverse_f32  arm_cortexM4l_math.lib(arm_cfft_radix4_f32.o)
    0x08001d5a   0x08001d5a   0x0000003e   Code   RO         5009    CL$$btod_d2e        c_w.l(btod.o)
    0x08001d98   0x08001d98   0x00000046   Code   RO         5011    CL$$btod_d2e_denorm_low  c_w.l(btod.o)
    0x08001dde   0x08001dde   0x00000060   Code   RO         5010    CL$$btod_d2e_norm_op1  c_w.l(btod.o)
    0x08001e3e   0x08001e3e   0x00000338   Code   RO         5019    CL$$btod_div_common  c_w.l(btod.o)
    0x08002176   0x08002176   0x000000c6   Code   RO         5016    CL$$btod_e2e        c_w.l(btod.o)
    0x0800223c   0x0800223c   0x00000028   Code   RO         5013    CL$$btod_ediv       c_w.l(btod.o)
    0x08002264   0x08002264   0x00000028   Code   RO         5012    CL$$btod_emul       c_w.l(btod.o)
    0x0800228c   0x0800228c   0x00000244   Code   RO         5018    CL$$btod_mult_common  c_w.l(btod.o)
    0x080024d0   0x080024d0   0x00000068   Code   RO          499    i.ADC_DMAConvCplt   stm32g4xx_hal_adc.o
    0x08002538   0x08002538   0x0000001a   Code   RO          500    i.ADC_DMAError      stm32g4xx_hal_adc.o
    0x08002552   0x08002552   0x0000000a   Code   RO          501    i.ADC_DMAHalfConvCplt  stm32g4xx_hal_adc.o
    0x0800255c   0x0800255c   0x00000074   Code   RO          503    i.ADC_Enable        stm32g4xx_hal_adc.o
    0x080025d0   0x080025d0   0x00000034   Code   RO         4204    i.ADC_Get           fft.o
    0x08002604   0x08002604   0x0000007c   Code   RO         4341    i.BackGround        oled_i2c.o
    0x08002680   0x08002680   0x00000002   Code   RO          383    i.BusFault_Handler  stm32g4xx_it.o
    0x08002682   0x08002682   0x00000002   PAD
    0x08002684   0x08002684   0x00000014   Code   RO          384    i.DMA1_Channel1_IRQHandler  stm32g4xx_it.o
    0x08002698   0x08002698   0x00000040   Code   RO         1794    i.DMA_CalcDMAMUXChannelBaseAndMask  stm32g4xx_hal_dma.o
    0x080026d8   0x080026d8   0x00000024   Code   RO         1795    i.DMA_CalcDMAMUXRequestGenBaseAndMask  stm32g4xx_hal_dma.o
    0x080026fc   0x080026fc   0x0000003e   Code   RO         1796    i.DMA_SetConfig     stm32g4xx_hal_dma.o
    0x0800273a   0x0800273a   0x00000002   Code   RO          385    i.DebugMon_Handler  stm32g4xx_it.o
    0x0800273c   0x0800273c   0x00000004   Code   RO           13    i.Error_Handler     main.o
    0x08002740   0x08002740   0x00000090   Code   RO         4205    i.Fre_Control       fft.o
    0x080027d0   0x080027d0   0x000001b8   Code   RO         4206    i.Get_Show_THD      fft.o
    0x08002988   0x08002988   0x000000b0   Code   RO         4207    i.Get_amp           fft.o
    0x08002a38   0x08002a38   0x0000015c   Code   RO          753    i.HAL_ADCEx_MultiModeConfigChannel  stm32g4xx_hal_adc_ex.o
    0x08002b94   0x08002b94   0x0000045c   Code   RO          505    i.HAL_ADC_ConfigChannel  stm32g4xx_hal_adc.o
    0x08002ff0   0x08002ff0   0x00000002   Code   RO          506    i.HAL_ADC_ConvCpltCallback  stm32g4xx_hal_adc.o
    0x08002ff2   0x08002ff2   0x00000002   Code   RO          507    i.HAL_ADC_ConvHalfCpltCallback  stm32g4xx_hal_adc.o
    0x08002ff4   0x08002ff4   0x00000002   Code   RO          509    i.HAL_ADC_ErrorCallback  stm32g4xx_hal_adc.o
    0x08002ff6   0x08002ff6   0x00000002   PAD
    0x08002ff8   0x08002ff8   0x00000238   Code   RO          514    i.HAL_ADC_Init      stm32g4xx_hal_adc.o
    0x08003230   0x08003230   0x000000ac   Code   RO          234    i.HAL_ADC_MspInit   adc.o
    0x080032dc   0x080032dc   0x0000012c   Code   RO          522    i.HAL_ADC_Start_DMA  stm32g4xx_hal_adc.o
    0x08003408   0x08003408   0x0000006a   Code   RO         1797    i.HAL_DMA_Abort     stm32g4xx_hal_dma.o
    0x08003472   0x08003472   0x00000078   Code   RO         1798    i.HAL_DMA_Abort_IT  stm32g4xx_hal_dma.o
    0x080034ea   0x080034ea   0x000000ba   Code   RO         1802    i.HAL_DMA_IRQHandler  stm32g4xx_hal_dma.o
    0x080035a4   0x080035a4   0x000000c0   Code   RO         1803    i.HAL_DMA_Init      stm32g4xx_hal_dma.o
    0x08003664   0x08003664   0x0000008c   Code   RO         1807    i.HAL_DMA_Start_IT  stm32g4xx_hal_dma.o
    0x080036f0   0x080036f0   0x00000248   Code   RO         1659    i.HAL_GPIO_Init     stm32g4xx_hal_gpio.o
    0x08003938   0x08003938   0x0000000a   Code   RO         1661    i.HAL_GPIO_ReadPin  stm32g4xx_hal_gpio.o
    0x08003942   0x08003942   0x0000000a   Code   RO         1663    i.HAL_GPIO_WritePin  stm32g4xx_hal_gpio.o
    0x0800394c   0x0800394c   0x0000000c   Code   RO          956    i.HAL_GetTick       stm32g4xx_hal.o
    0x08003958   0x08003958   0x00000010   Code   RO          959    i.HAL_IncTick       stm32g4xx_hal.o
    0x08003968   0x08003968   0x0000001e   Code   RO          960    i.HAL_Init          stm32g4xx_hal.o
    0x08003986   0x08003986   0x00000002   PAD
    0x08003988   0x08003988   0x00000044   Code   RO          961    i.HAL_InitTick      stm32g4xx_hal.o
    0x080039cc   0x080039cc   0x00000030   Code   RO          474    i.HAL_MspInit       stm32g4xx_hal_msp.o
    0x080039fc   0x080039fc   0x0000001a   Code   RO         2306    i.HAL_NVIC_EnableIRQ  stm32g4xx_hal_cortex.o
    0x08003a16   0x08003a16   0x00000002   PAD
    0x08003a18   0x08003a18   0x00000040   Code   RO         2312    i.HAL_NVIC_SetPriority  stm32g4xx_hal_cortex.o
    0x08003a58   0x08003a58   0x00000024   Code   RO         2313    i.HAL_NVIC_SetPriorityGrouping  stm32g4xx_hal_cortex.o
    0x08003a7c   0x08003a7c   0x000000bc   Code   RO         2062    i.HAL_PWREx_ControlVoltageScaling  stm32g4xx_hal_pwr_ex.o
    0x08003b38   0x08003b38   0x00000010   Code   RO         2074    i.HAL_PWREx_DisableUCPDDeadBattery  stm32g4xx_hal_pwr_ex.o
    0x08003b48   0x08003b48   0x00000300   Code   RO         1305    i.HAL_RCCEx_PeriphCLKConfig  stm32g4xx_hal_rcc_ex.o
    0x08003e48   0x08003e48   0x000001dc   Code   RO         1180    i.HAL_RCC_ClockConfig  stm32g4xx_hal_rcc.o
    0x08004024   0x08004024   0x00000024   Code   RO         1188    i.HAL_RCC_GetPCLK1Freq  stm32g4xx_hal_rcc.o
    0x08004048   0x08004048   0x00000024   Code   RO         1189    i.HAL_RCC_GetPCLK2Freq  stm32g4xx_hal_rcc.o
    0x0800406c   0x0800406c   0x00000070   Code   RO         1190    i.HAL_RCC_GetSysClockFreq  stm32g4xx_hal_rcc.o
    0x080040dc   0x080040dc   0x0000040c   Code   RO         1193    i.HAL_RCC_OscConfig  stm32g4xx_hal_rcc.o
    0x080044e8   0x080044e8   0x00000018   Code   RO         2315    i.HAL_SYSTICK_CLKSourceConfig  stm32g4xx_hal_cortex.o
    0x08004500   0x08004500   0x00000028   Code   RO         2317    i.HAL_SYSTICK_Config  stm32g4xx_hal_cortex.o
    0x08004528   0x08004528   0x000000b8   Code   RO         3194    i.HAL_TIMEx_MasterConfigSynchronization  stm32g4xx_hal_tim_ex.o
    0x080045e0   0x080045e0   0x00000062   Code   RO         2438    i.HAL_TIM_Base_Init  stm32g4xx_hal_tim.o
    0x08004642   0x08004642   0x00000002   PAD
    0x08004644   0x08004644   0x00000028   Code   RO          300    i.HAL_TIM_Base_MspInit  tim.o
    0x0800466c   0x0800466c   0x00000080   Code   RO         2441    i.HAL_TIM_Base_Start  stm32g4xx_hal_tim.o
    0x080046ec   0x080046ec   0x000000f0   Code   RO         2447    i.HAL_TIM_ConfigClockSource  stm32g4xx_hal_tim.o
    0x080047dc   0x080047dc   0x0000003e   Code   RO         4001    i.HAL_UARTEx_DisableFifoMode  stm32g4xx_hal_uart_ex.o
    0x0800481a   0x0800481a   0x00000002   Code   RO         3590    i.HAL_UARTEx_RxEventCallback  stm32g4xx_hal_uart.o
    0x0800481c   0x0800481c   0x00000002   Code   RO         4008    i.HAL_UARTEx_RxFifoFullCallback  stm32g4xx_hal_uart_ex.o
    0x0800481e   0x0800481e   0x0000004c   Code   RO         4009    i.HAL_UARTEx_SetRxFifoThreshold  stm32g4xx_hal_uart_ex.o
    0x0800486a   0x0800486a   0x0000004c   Code   RO         4010    i.HAL_UARTEx_SetTxFifoThreshold  stm32g4xx_hal_uart_ex.o
    0x080048b6   0x080048b6   0x00000002   Code   RO         4012    i.HAL_UARTEx_TxFifoEmptyCallback  stm32g4xx_hal_uart_ex.o
    0x080048b8   0x080048b8   0x00000002   Code   RO         4013    i.HAL_UARTEx_WakeupCallback  stm32g4xx_hal_uart_ex.o
    0x080048ba   0x080048ba   0x00000002   Code   RO         3606    i.HAL_UART_ErrorCallback  stm32g4xx_hal_uart.o
    0x080048bc   0x080048bc   0x000002e0   Code   RO         3609    i.HAL_UART_IRQHandler  stm32g4xx_hal_uart.o
    0x08004b9c   0x08004b9c   0x0000006a   Code   RO         3610    i.HAL_UART_Init     stm32g4xx_hal_uart.o
    0x08004c06   0x08004c06   0x00000002   PAD
    0x08004c08   0x08004c08   0x0000008c   Code   RO          342    i.HAL_UART_MspInit  usart.o
    0x08004c94   0x08004c94   0x00000002   Code   RO         3622    i.HAL_UART_TxCpltCallback  stm32g4xx_hal_uart.o
    0x08004c96   0x08004c96   0x00000002   Code   RO          386    i.HardFault_Handler  stm32g4xx_it.o
    0x08004c98   0x08004c98   0x00000030   Code   RO         4342    i.I2C_WriteByte     oled_i2c.o
    0x08004cc8   0x08004cc8   0x00000020   Code   RO         4273    i.IIC_Init          myiic.o
    0x08004ce8   0x08004ce8   0x00000078   Code   RO         4276    i.IIC_Send_Byte     myiic.o
    0x08004d60   0x08004d60   0x00000054   Code   RO         4277    i.IIC_Start         myiic.o
    0x08004db4   0x08004db4   0x00000058   Code   RO         4278    i.IIC_Stop          myiic.o
    0x08004e0c   0x08004e0c   0x0000006c   Code   RO         4279    i.IIC_Wait_Ack      myiic.o
    0x08004e78   0x08004e78   0x0000000c   Code   RO          528    i.LL_ADC_GetOffsetChannel  stm32g4xx_hal_adc.o
    0x08004e84   0x08004e84   0x00000008   Code   RO          529    i.LL_ADC_INJ_IsConversionOngoing  stm32g4xx_hal_adc.o
    0x08004e8c   0x08004e8c   0x00000008   Code   RO          530    i.LL_ADC_REG_IsConversionOngoing  stm32g4xx_hal_adc.o
    0x08004e94   0x08004e94   0x00000008   Code   RO          763    i.LL_ADC_REG_IsConversionOngoing  stm32g4xx_hal_adc_ex.o
    0x08004e9c   0x08004e9c   0x00000010   Code   RO          531    i.LL_ADC_REG_IsTriggerSourceSWStart  stm32g4xx_hal_adc.o
    0x08004eac   0x08004eac   0x0000001e   Code   RO          533    i.LL_ADC_SetChannelSamplingTime  stm32g4xx_hal_adc.o
    0x08004eca   0x08004eca   0x00000010   Code   RO          534    i.LL_ADC_SetOffsetState  stm32g4xx_hal_adc.o
    0x08004eda   0x08004eda   0x00000002   PAD
    0x08004edc   0x08004edc   0x00000098   Code   RO          235    i.MX_ADC1_Init      adc.o
    0x08004f74   0x08004f74   0x0000003c   Code   RO          275    i.MX_DMA_Init       dma.o
    0x08004fb0   0x08004fb0   0x00000080   Code   RO          209    i.MX_GPIO_Init      gpio.o
    0x08005030   0x08005030   0x00000068   Code   RO          301    i.MX_TIM3_Init      tim.o
    0x08005098   0x08005098   0x00000068   Code   RO          343    i.MX_USART1_UART_Init  usart.o
    0x08005100   0x08005100   0x00000002   Code   RO          387    i.MemManage_Handler  stm32g4xx_it.o
    0x08005102   0x08005102   0x00000002   PAD
    0x08005104   0x08005104   0x00000030   Code   RO         4522    i.MyUSART1_CanReadLine  myusart1.o
    0x08005134   0x08005134   0x00000034   Code   RO         4526    i.MyUSART1_IRQHandler  myusart1.o
    0x08005168   0x08005168   0x00000014   Code   RO         4527    i.MyUSART1_Init     myusart1.o
    0x0800517c   0x0800517c   0x00000048   Code   RO         4532    i.MyUSART1_ReadLine  myusart1.o
    0x080051c4   0x080051c4   0x00000002   Code   RO          388    i.NMI_Handler       stm32g4xx_it.o
    0x080051c6   0x080051c6   0x00000006   Code   RO         4343    i.OLED_CLS          oled_i2c.o
    0x080051cc   0x080051cc   0x00000038   Code   RO         4346    i.OLED_Fill         oled_i2c.o
    0x08005204   0x08005204   0x000000c8   Code   RO         4348    i.OLED_Init         oled_i2c.o
    0x080052cc   0x080052cc   0x00000026   Code   RO         4354    i.OLED_SetPos       oled_i2c.o
    0x080052f2   0x080052f2   0x00000002   PAD
    0x080052f4   0x080052f4   0x00000048   Code   RO         4355    i.OLED_ShowCN       oled_i2c.o
    0x0800533c   0x0800533c   0x0000007c   Code   RO         4356    i.OLED_ShowChar     oled_i2c.o
    0x080053b8   0x080053b8   0x00000038   Code   RO         4357    i.OLED_ShowFloat    oled_i2c.o
    0x080053f0   0x080053f0   0x000000d8   Code   RO         4361    i.OLED_ShowStr      oled_i2c.o
    0x080054c8   0x080054c8   0x00000002   Code   RO          389    i.PendSV_Handler    stm32g4xx_it.o
    0x080054ca   0x080054ca   0x00000002   Code   RO          390    i.SVC_Handler       stm32g4xx_it.o
    0x080054cc   0x080054cc   0x00000004   Code   RO          391    i.SysTick_Handler   stm32g4xx_it.o
    0x080054d0   0x080054d0   0x00000066   Code   RO           14    i.SystemClock_Config  main.o
    0x08005536   0x08005536   0x00000002   PAD
    0x08005538   0x08005538   0x00000010   Code   RO         4114    i.SystemInit        system_stm32g4xx.o
    0x08005548   0x08005548   0x000000d4   Code   RO         2531    i.TIM_Base_SetConfig  stm32g4xx_hal_tim.o
    0x0800561c   0x0800561c   0x00000014   Code   RO         2542    i.TIM_ETR_SetConfig  stm32g4xx_hal_tim.o
    0x08005630   0x08005630   0x00000014   Code   RO         2543    i.TIM_ITRx_SetConfig  stm32g4xx_hal_tim.o
    0x08005644   0x08005644   0x00000022   Code   RO         2551    i.TIM_TI1_ConfigInputStage  stm32g4xx_hal_tim.o
    0x08005666   0x08005666   0x00000024   Code   RO         2553    i.TIM_TI2_ConfigInputStage  stm32g4xx_hal_tim.o
    0x0800568a   0x0800568a   0x00000002   PAD
    0x0800568c   0x0800568c   0x00000044   Code   RO         4014    i.UARTEx_SetNbDataToProcess  stm32g4xx_hal_uart_ex.o
    0x080056d0   0x080056d0   0x000000c8   Code   RO         3624    i.UART_AdvFeatureConfig  stm32g4xx_hal_uart.o
    0x08005798   0x08005798   0x00000060   Code   RO         3625    i.UART_CheckIdleState  stm32g4xx_hal_uart.o
    0x080057f8   0x080057f8   0x00000014   Code   RO         3626    i.UART_DMAAbortOnError  stm32g4xx_hal_uart.o
    0x0800580c   0x0800580c   0x00000054   Code   RO         3636    i.UART_EndRxTransfer  stm32g4xx_hal_uart.o
    0x08005860   0x08005860   0x00000298   Code   RO         3642    i.UART_SetConfig    stm32g4xx_hal_uart.o
    0x08005af8   0x08005af8   0x000000c6   Code   RO         3649    i.UART_WaitOnFlagUntilTimeout  stm32g4xx_hal_uart.o
    0x08005bbe   0x08005bbe   0x00000002   PAD
    0x08005bc0   0x08005bc0   0x00000050   Code   RO          392    i.USART1_IRQHandler  stm32g4xx_it.o
    0x08005c10   0x08005c10   0x00000002   Code   RO          393    i.UsageFault_Handler  stm32g4xx_it.o
    0x08005c12   0x08005c12   0x00000008   Code   RO         4363    i.WriteCmd          oled_i2c.o
    0x08005c1a   0x08005c1a   0x00000008   Code   RO         4364    i.WriteDat          oled_i2c.o
    0x08005c22   0x08005c22   0x00000030   Code   RO         5042    i.__ARM_fpclassify  m_wm.l(fpclassify.o)
    0x08005c52   0x08005c52   0x00000002   PAD
    0x08005c54   0x08005c54   0x0000002c   Code   RO         4541    i.__MyUSART1_Shift  myusart1.o
    0x08005c80   0x08005c80   0x00000020   Code   RO         2319    i.__NVIC_SetPriority  stm32g4xx_hal_cortex.o
    0x08005ca0   0x08005ca0   0x0000007a   Code   RO         4912    i.__hardfp_sqrt     m_wm.l(sqrt.o)
    0x08005d1a   0x08005d1a   0x0000000e   Code   RO         4853    i._is_digit         c_w.l(__printf_wp.o)
    0x08005d28   0x08005d28   0x00000014   Code   RO         4152    i.delay_init        delay.o
    0x08005d3c   0x08005d3c   0x0000000a   Code   RO         4153    i.delay_ms          delay.o
    0x08005d46   0x08005d46   0x00000002   PAD
    0x08005d48   0x08005d48   0x00000034   Code   RO         4155    i.delay_us          delay.o
    0x08005d7c   0x08005d7c   0x00000300   Code   RO         4208    i.fft               fft.o
    0x0800607c   0x0800607c   0x000000fc   Code   RO         4209    i.fft_getpeak       fft.o
    0x08006178   0x08006178   0x0000001c   Code   RO         4542    i.fputc             myusart1.o
    0x08006194   0x08006194   0x0000005c   Code   RO           15    i.main              main.o
    0x080061f0   0x080061f0   0x0000003e   Code   RO         4926    i.sqrtf             m_wm.l(sqrtf.o)
    0x0800622e   0x0800622e   0x00000002   PAD
    0x08006230   0x08006230   0x00000094   Code   RO         4210    i.wave_determine    fft.o
    0x080062c4   0x080062c4   0x00000042   Code   RO         4365    i.wave_show         oled_i2c.o
    0x08006306   0x08006306   0x00000002   PAD
    0x08006308   0x08006308   0x0000002c   Code   RO         5036    locale$$code        c_w.l(lc_numeric_c.o)
    0x08006334   0x08006334   0x00000062   Code   RO         4874    x$fpl$d2f           fz_wm.l(d2f.o)
    0x08006396   0x08006396   0x00000002   PAD
    0x08006398   0x08006398   0x00000150   Code   RO         4876    x$fpl$dadd          fz_wm.l(daddsub_clz.o)
    0x080064e8   0x080064e8   0x00000018   Code   RO         4954    x$fpl$dcmpinf       fz_wm.l(dcmpi.o)
    0x08006500   0x08006500   0x000002b0   Code   RO         4883    x$fpl$ddiv          fz_wm.l(ddiv.o)
    0x080067b0   0x080067b0   0x00000026   Code   RO         4886    x$fpl$dfltu         fz_wm.l(dflt_clz.o)
    0x080067d6   0x080067d6   0x00000002   PAD
    0x080067d8   0x080067d8   0x00000078   Code   RO         4892    x$fpl$dleqf         fz_wm.l(dleqf.o)
    0x08006850   0x08006850   0x00000154   Code   RO         4894    x$fpl$dmul          fz_wm.l(dmul.o)
    0x080069a4   0x080069a4   0x0000009c   Code   RO         4956    x$fpl$dnaninf       fz_wm.l(dnaninf.o)
    0x08006a40   0x08006a40   0x0000000c   Code   RO         4958    x$fpl$dretinf       fz_wm.l(dretinf.o)
    0x08006a4c   0x08006a4c   0x0000006c   Code   RO         4896    x$fpl$drleqf        fz_wm.l(drleqf.o)
    0x08006ab8   0x08006ab8   0x00000198   Code   RO         4960    x$fpl$dsqrt         fz_wm.l(dsqrt_umaal.o)
    0x08006c50   0x08006c50   0x000001d4   Code   RO         4878    x$fpl$dsub          fz_wm.l(daddsub_clz.o)
    0x08006e24   0x08006e24   0x00000056   Code   RO         4898    x$fpl$f2d           fz_wm.l(f2d.o)
    0x08006e7a   0x08006e7a   0x00000012   Code   RO         4900    x$fpl$fadd          fz_wm.l(faddsub_clz.o)
    0x08006e8c   0x08006e8c   0x00000054   Code   RO         4906    x$fpl$fcmp          fz_wm.l(fcmp.o)
    0x08006ee0   0x08006ee0   0x00000018   Code   RO         5038    x$fpl$fcmpinf       fz_wm.l(fcmpi.o)
    0x08006ef8   0x08006ef8   0x00000030   Code   RO         4962    x$fpl$feqf          fz_wm.l(feqf.o)
    0x08006f28   0x08006f28   0x00000030   Code   RO         4964    x$fpl$fgeqf         fz_wm.l(fgeqf.o)
    0x08006f58   0x08006f58   0x00000030   Code   RO         4966    x$fpl$fleqf         fz_wm.l(fleqf.o)
    0x08006f88   0x08006f88   0x00000012   Code   RO         4908    x$fpl$fmul          fz_wm.l(fmul.o)
    0x08006f9a   0x08006f9a   0x0000008c   Code   RO         4968    x$fpl$fnaninf       fz_wm.l(fnaninf.o)
    0x08007026   0x08007026   0x0000000a   Code   RO         5118    x$fpl$fpinit        fz_wm.l(fpinit.o)
    0x08007030   0x08007030   0x0000000a   Code   RO         4970    x$fpl$fretinf       fz_wm.l(fretinf.o)
    0x0800703a   0x0800703a   0x00000012   Code   RO         4901    x$fpl$fsub          fz_wm.l(faddsub_clz.o)
    0x0800704c   0x0800704c   0x00000004   Code   RO         4910    x$fpl$printf1       fz_wm.l(printf1.o)
    0x08007050   0x08007050   0x00000000   Code   RO         4972    x$fpl$usenofp       fz_wm.l(usenofp.o)
    0x08007050   0x08007050   0x00000018   Data   RO         3650    .constdata          stm32g4xx_hal_uart.o
    0x08007068   0x08007068   0x00000010   Data   RO         4015    .constdata          stm32g4xx_hal_uart_ex.o
    0x08007078   0x08007078   0x00000010   Data   RO         4115    .constdata          system_stm32g4xx.o
    0x08007088   0x08007088   0x00000008   Data   RO         4116    .constdata          system_stm32g4xx.o
    0x08007090   0x08007090   0x00000826   Data   RO         4367    .constdata          oled_i2c.o
    0x080078b6   0x080078b6   0x00000002   PAD
    0x080078b8   0x080078b8   0x00000094   Data   RO         5007    .constdata          c_w.l(bigflt0.o)
    0x0800794c   0x0800794c   0x00000800   Data   RO         4733    .rodata.armBitRevTable  arm_cortexM4l_math.lib(arm_common_tables.o)
    0x0800814c   0x0800814c   0x00008000   Data   RO         4742    .rodata.twiddleCoef_4096  arm_cortexM4l_math.lib(arm_common_tables.o)
    0x0801014c   0x0801014c   0x00000020   Data   RO         5186    Region$$Table       anon$$obj.o
    0x0801016c   0x0801016c   0x0000001c   Data   RO         5035    locale$$data        c_w.l(lc_numeric_c.o)


    Execution Region RW_IRAM1 (Exec base: 0x20000000, Load base: 0x08010188, Size: 0x00004380, Max: 0x00020000, ABSOLUTE, COMPRESSED[0x000001c0])

    Exec Addr    Load Addr    Size         Type   Attr      Idx    E Section Name        Object

    0x20000000   COMPRESSED   0x00000001   Data   RW           16    .data               main.o
    0x20000001   COMPRESSED   0x00000001   Data   RW           17    .data               main.o
    0x20000002   COMPRESSED   0x00000002   Data   RW          394    .data               stm32g4xx_it.o
    0x20000004   COMPRESSED   0x0000000c   Data   RW          980    .data               stm32g4xx_hal.o
    0x20000010   COMPRESSED   0x00000004   Data   RW         4117    .data               system_stm32g4xx.o
    0x20000014   COMPRESSED   0x00000002   Data   RW         4156    .data               delay.o
    0x20000016   COMPRESSED   0x00000223   Data   RW         4368    .data               oled_i2c.o
    0x20000239   COMPRESSED   0x00000003   PAD
    0x2000023c   COMPRESSED   0x0000000c   Data   RW         4544    .data               myusart1.o
    0x20000248   COMPRESSED   0x00000004   Data   RW         4545    .data               myusart1.o
    0x2000024c        -       0x000000cc   Zero   RW          236    .bss                adc.o
    0x20000318        -       0x0000004c   Zero   RW          302    .bss                tim.o
    0x20000364        -       0x00000090   Zero   RW          344    .bss                usart.o
    0x200003f4        -       0x000038c8   Zero   RW         4211    .bss                fft.o
    0x20003cbc        -       0x00000064   Zero   RW         4543    .bss                myusart1.o
    0x20003d20        -       0x00000060   Zero   RW         5045    .bss                c_w.l(libspace.o)
    0x20003d80        -       0x00000200   Zero   RW            2    HEAP                startup_stm32g474xx.o
    0x20003f80        -       0x00000400   Zero   RW            1    STACK               startup_stm32g474xx.o


==============================================================================

Image component sizes


      Code (inc. data)   RO Data    RW Data    ZI Data      Debug   Object Name

       324         22          0          0        204       1883   adc.o
        82          8          0          2          0       1739   delay.o
        60          4          0          0          0        814   dma.o
      1980        286          0          0      14536       6229   fft.o
       128          8          0          0          0        959   gpio.o
       198         12          0          2          0     931979   main.o
       432         24          0          0          0       2797   myiic.o
       264         52          0         16        100       5607   myusart1.o
      1022         46       2086        547          0       9570   oled_i2c.o
        64         26        472          0       1536        844   startup_stm32g474xx.o
       126         20          0         12          0       3657   stm32g4xx_hal.o
      2336        154          0          0          0      79017   stm32g4xx_hal_adc.o
       356         26          0          0          0      68595   stm32g4xx_hal_adc_ex.o
       222         14          0          0          0      34097   stm32g4xx_hal_cortex.o
       906         30          0          0          0       5962   stm32g4xx_hal_dma.o
       604         34          0          0          0       2671   stm32g4xx_hal_gpio.o
        48          6          0          0          0        866   stm32g4xx_hal_msp.o
       204         18          0          0          0       1385   stm32g4xx_hal_pwr_ex.o
      1696         92          0          0          0       6036   stm32g4xx_hal_rcc.o
       768         10          0          0          0       1880   stm32g4xx_hal_rcc_ex.o
       788         78          0          0          0       6556   stm32g4xx_hal_tim.o
       184         34          0          0          0       1368   stm32g4xx_hal_tim_ex.o
      2110         90         24          0          0      28348   stm32g4xx_hal_uart.o
       288          6         16          0          0       5134   stm32g4xx_hal_uart_ex.o
       120         24          0          2          0       5539   stm32g4xx_it.o
        16          4         24          4          0       1127   system_stm32g4xx.o
       144         18          0          0         76       1642   tim.o
       244         22          0          0        144       1778   usart.o

    ----------------------------------------------------------------------
     15742       1168       2656        588      16596    1218079   Object Totals
         0          0         32          0          0          0   (incl. Generated)
        28          0          2          3          0          0   (incl. Padding)

    ----------------------------------------------------------------------

      Code (inc. data)   RO Data    RW Data    ZI Data      Debug   Library Member Name

       174          0          0          0          0       2571   arm_bitreversal.o
      2884          0          0          0          0       6486   arm_cfft_radix4_f32.o
       124          0          0          0          0       1574   arm_cfft_radix4_init_f32.o
       232          0          0          0          0       1739   arm_cmplx_mag_f32.o
         0          0      34816          0          0       4961   arm_common_tables.o
       288          0          0          0          0       1362   arm_max_f32.o
        90          0          0          0          0          0   __dczerorl2.o
         8          0          0          0          0         68   __main.o
       352          0          0          0          0         88   __printf_ss_wp.o
        14          0          0          0          0         68   __printf_wp.o
         0          0          0          0          0          0   __rtentry.o
        12          0          0          0          0          0   __rtentry2.o
         6          0          0          0          0          0   __rtentry4.o
        52          8          0          0          0          0   __scatter.o
        28          0          0          0          0          0   __scatter_zi.o
        48          6          0          0          0         96   _printf_char_common.o
        36          4          0          0          0         80   _printf_char_file.o
         6          0          0          0          0          0   _printf_d.o
       120         16          0          0          0         92   _printf_dec.o
         6          0          0          0          0          0   _printf_f.o
      1050          0          0          0          0        216   _printf_fp_dec.o
       128         16          0          0          0         84   _printf_fp_infnan.o
       178          0          0          0          0         88   _printf_intcommon.o
         0          0          0          0          0          0   _printf_percent.o
         4          0          0          0          0          0   _printf_percent_end.o
        22          0          0          0          0        100   _rserrno.o
        10          0          0          0          0         68   _sputc.o
       220          4        148          0          0         96   bigflt0.o
      1910        128          0          0          0        672   btod.o
        12          0          0          0          0         72   exit.o
         8          0          0          0          0         68   ferror.o
         6          0          0          0          0        152   heapauxi.o
         0          0          0          0          0          0   indicate_semi.o
        44         10         28          0          0         76   lc_numeric_c.o
         2          0          0          0          0          0   libinit.o
        22          0          0          0          0          0   libinit2.o
         2          0          0          0          0          0   libshutdown.o
         2          0          0          0          0          0   libshutdown2.o
         8          4          0          0         96         68   libspace.o
       138          0          0          0          0         80   lludiv10.o
       238          0          0          0          0        100   lludivv7m.o
        24          4          0          0          0         84   noretval__2printf.o
        40          6          0          0          0         84   noretval__2sprintf.o
         8          4          0          0          0         68   rt_errno_addr_intlibspace.o
         8          4          0          0          0         68   rt_locale_intlibspace.o
        78          0          0          0          0         80   rt_memclr_w.o
         2          0          0          0          0          0   rtexit.o
        10          0          0          0          0          0   rtexit2.o
       128          0          0          0          0         68   strcmpv7m.o
        62          0          0          0          0         76   strlen.o
        12          4          0          0          0         68   sys_exit.o
        74          0          0          0          0         80   sys_stackheap_outer.o
         2          0          0          0          0         68   use_no_semi.o
        98          4          0          0          0        140   d2f.o
       804         16          0          0          0        368   daddsub_clz.o
        24          0          0          0          0        116   dcmpi.o
       688        140          0          0          0        256   ddiv.o
        38          0          0          0          0        116   dflt_clz.o
       120          4          0          0          0        140   dleqf.o
       340         12          0          0          0        152   dmul.o
       156          4          0          0          0        140   dnaninf.o
        12          0          0          0          0        116   dretinf.o
       108          0          0          0          0        128   drleqf.o
       408         56          0          0          0        168   dsqrt_umaal.o
        86          4          0          0          0        132   f2d.o
        36          0          0          0          0        232   faddsub_clz.o
        84          0          0          0          0        244   fcmp.o
        24          0          0          0          0        116   fcmpi.o
        48          4          0          0          0        132   feqf.o
        48          4          0          0          0        132   fgeqf.o
        48          4          0          0          0        132   fleqf.o
        18          0          0          0          0        116   fmul.o
       140          4          0          0          0        132   fnaninf.o
        10          0          0          0          0        116   fpinit.o
        10          0          0          0          0        116   fretinf.o
         4          0          0          0          0        116   printf1.o
         0          0          0          0          0          0   usenofp.o
        48          0          0          0          0        124   fpclassify.o
       122          0          0          0          0        148   sqrt.o
        62          0          0          0          0        136   sqrtf.o

    ----------------------------------------------------------------------
     12538        474      34992          0         96      25833   Library Totals
        22          0          0          0          0          0   (incl. Padding)

    ----------------------------------------------------------------------

      Code (inc. data)   RO Data    RW Data    ZI Data      Debug   Library Name

      3702          0      34816          0          0      18693   arm_cortexM4l_math.lib
      5230        218        176          0         96       3176   c_w.l
      3352        256          0          0          0       3556   fz_wm.l
       232          0          0          0          0        408   m_wm.l

    ----------------------------------------------------------------------
     12538        474      34992          0         96      25833   Library Totals

    ----------------------------------------------------------------------

==============================================================================


      Code (inc. data)   RO Data    RW Data    ZI Data      Debug   

     28280       1642      37648        588      16692    1226880   Grand Totals
     28280       1642      37648        448      16692    1226880   ELF Image Totals (compressed)
     28280       1642      37648        448          0          0   ROM Totals

==============================================================================

    Total RO  Size (Code + RO Data)                65928 (  64.38kB)
    Total RW  Size (RW Data + ZI Data)             17280 (  16.88kB)
    Total ROM Size (Code + RO Data + RW Data)      66376 (  64.82kB)

==============================================================================

